Archive member included to satisfy reference by file (symbol)

/opt/st/stm32cubeide_1.9.0_4/plugins/com.st.stm32cube.ide.mcu.externaltools.gnu-tools-for-stm32.10.3-2021.10.linux64_1.0.0.202111181127/tools/bin/../lib/gcc/arm-none-eabi/10.3.1/../../../../arm-none-eabi/lib/thumb/v7e-m+fp/hard/libc_nano.a(lib_a-errno.o)
                              ./Core/Src/syscalls.o (__errno)
/opt/st/stm32cubeide_1.9.0_4/plugins/com.st.stm32cube.ide.mcu.externaltools.gnu-tools-for-stm32.10.3-2021.10.linux64_1.0.0.202111181127/tools/bin/../lib/gcc/arm-none-eabi/10.3.1/../../../../arm-none-eabi/lib/thumb/v7e-m+fp/hard/libc_nano.a(lib_a-exit.o)
                              /opt/st/stm32cubeide_1.9.0_4/plugins/com.st.stm32cube.ide.mcu.externaltools.gnu-tools-for-stm32.10.3-2021.10.linux64_1.0.0.202111181127/tools/bin/../lib/gcc/arm-none-eabi/10.3.1/../../../../arm-none-eabi/lib/thumb/v7e-m+fp/hard/crt0.o (exit)
/opt/st/stm32cubeide_1.9.0_4/plugins/com.st.stm32cube.ide.mcu.externaltools.gnu-tools-for-stm32.10.3-2021.10.linux64_1.0.0.202111181127/tools/bin/../lib/gcc/arm-none-eabi/10.3.1/../../../../arm-none-eabi/lib/thumb/v7e-m+fp/hard/libc_nano.a(lib_a-impure.o)
                              /opt/st/stm32cubeide_1.9.0_4/plugins/com.st.stm32cube.ide.mcu.externaltools.gnu-tools-for-stm32.10.3-2021.10.linux64_1.0.0.202111181127/tools/bin/../lib/gcc/arm-none-eabi/10.3.1/../../../../arm-none-eabi/lib/thumb/v7e-m+fp/hard/libc_nano.a(lib_a-exit.o) (_global_impure_ptr)
/opt/st/stm32cubeide_1.9.0_4/plugins/com.st.stm32cube.ide.mcu.externaltools.gnu-tools-for-stm32.10.3-2021.10.linux64_1.0.0.202111181127/tools/bin/../lib/gcc/arm-none-eabi/10.3.1/../../../../arm-none-eabi/lib/thumb/v7e-m+fp/hard/libc_nano.a(lib_a-init.o)
                              /opt/st/stm32cubeide_1.9.0_4/plugins/com.st.stm32cube.ide.mcu.externaltools.gnu-tools-for-stm32.10.3-2021.10.linux64_1.0.0.202111181127/tools/bin/../lib/gcc/arm-none-eabi/10.3.1/../../../../arm-none-eabi/lib/thumb/v7e-m+fp/hard/crt0.o (__libc_init_array)
/opt/st/stm32cubeide_1.9.0_4/plugins/com.st.stm32cube.ide.mcu.externaltools.gnu-tools-for-stm32.10.3-2021.10.linux64_1.0.0.202111181127/tools/bin/../lib/gcc/arm-none-eabi/10.3.1/../../../../arm-none-eabi/lib/thumb/v7e-m+fp/hard/libc_nano.a(lib_a-memset.o)
                              /opt/st/stm32cubeide_1.9.0_4/plugins/com.st.stm32cube.ide.mcu.externaltools.gnu-tools-for-stm32.10.3-2021.10.linux64_1.0.0.202111181127/tools/bin/../lib/gcc/arm-none-eabi/10.3.1/../../../../arm-none-eabi/lib/thumb/v7e-m+fp/hard/crt0.o (memset)
/opt/st/stm32cubeide_1.9.0_4/plugins/com.st.stm32cube.ide.mcu.externaltools.gnu-tools-for-stm32.10.3-2021.10.linux64_1.0.0.202111181127/tools/bin/../lib/gcc/arm-none-eabi/10.3.1/thumb/v7e-m+fp/hard/libgcc.a(_aeabi_uldivmod.o)
                              ./Drivers/STM32F4xx_HAL_Driver/Src/stm32f4xx_hal_rcc.o (__aeabi_uldivmod)
/opt/st/stm32cubeide_1.9.0_4/plugins/com.st.stm32cube.ide.mcu.externaltools.gnu-tools-for-stm32.10.3-2021.10.linux64_1.0.0.202111181127/tools/bin/../lib/gcc/arm-none-eabi/10.3.1/thumb/v7e-m+fp/hard/libgcc.a(_udivmoddi4.o)
                              /opt/st/stm32cubeide_1.9.0_4/plugins/com.st.stm32cube.ide.mcu.externaltools.gnu-tools-for-stm32.10.3-2021.10.linux64_1.0.0.202111181127/tools/bin/../lib/gcc/arm-none-eabi/10.3.1/thumb/v7e-m+fp/hard/libgcc.a(_aeabi_uldivmod.o) (__udivmoddi4)
/opt/st/stm32cubeide_1.9.0_4/plugins/com.st.stm32cube.ide.mcu.externaltools.gnu-tools-for-stm32.10.3-2021.10.linux64_1.0.0.202111181127/tools/bin/../lib/gcc/arm-none-eabi/10.3.1/thumb/v7e-m+fp/hard/libgcc.a(_dvmd_tls.o)
                              /opt/st/stm32cubeide_1.9.0_4/plugins/com.st.stm32cube.ide.mcu.externaltools.gnu-tools-for-stm32.10.3-2021.10.linux64_1.0.0.202111181127/tools/bin/../lib/gcc/arm-none-eabi/10.3.1/thumb/v7e-m+fp/hard/libgcc.a(_aeabi_uldivmod.o) (__aeabi_ldiv0)

Discarded input sections

 .text          0x0000000000000000        0x0 /opt/st/stm32cubeide_1.9.0_4/plugins/com.st.stm32cube.ide.mcu.externaltools.gnu-tools-for-stm32.10.3-2021.10.linux64_1.0.0.202111181127/tools/bin/../lib/gcc/arm-none-eabi/10.3.1/thumb/v7e-m+fp/hard/crti.o
 .data          0x0000000000000000        0x0 /opt/st/stm32cubeide_1.9.0_4/plugins/com.st.stm32cube.ide.mcu.externaltools.gnu-tools-for-stm32.10.3-2021.10.linux64_1.0.0.202111181127/tools/bin/../lib/gcc/arm-none-eabi/10.3.1/thumb/v7e-m+fp/hard/crti.o
 .bss           0x0000000000000000        0x0 /opt/st/stm32cubeide_1.9.0_4/plugins/com.st.stm32cube.ide.mcu.externaltools.gnu-tools-for-stm32.10.3-2021.10.linux64_1.0.0.202111181127/tools/bin/../lib/gcc/arm-none-eabi/10.3.1/thumb/v7e-m+fp/hard/crti.o
 .data          0x0000000000000000        0x4 /opt/st/stm32cubeide_1.9.0_4/plugins/com.st.stm32cube.ide.mcu.externaltools.gnu-tools-for-stm32.10.3-2021.10.linux64_1.0.0.202111181127/tools/bin/../lib/gcc/arm-none-eabi/10.3.1/thumb/v7e-m+fp/hard/crtbegin.o
[...]
Memory Configuration

Name             Origin             Length             Attributes
RAM              0x0000000020000000 0x0000000000020000 xrw
FLASH            0x0000000008000000 0x0000000000080000 xr
*default*        0x0000000000000000 0xffffffffffffffff

Linker script and memory map

LOAD /opt/st/stm32cubeide_1.9.0_4/plugins/com.st.stm32cube.ide.mcu.externaltools.gnu-tools-for-stm32.10.3-2021.10.linux64_1.0.0.202111181127/tools/bin/../lib/gcc/arm-none-eabi/10.3.1/thumb/v7e-m+fp/hard/crti.o
LOAD /opt/st/stm32cubeide_1.9.0_4/plugins/com.st.stm32cube.ide.mcu.externaltools.gnu-tools-for-stm32.10.3-2021.10.linux64_1.0.0.202111181127/tools/bin/../lib/gcc/arm-none-eabi/10.3.1/thumb/v7e-m+fp/hard/crtbegin.o
LOAD /opt/st/stm32cubeide_1.9.0_4/plugins/com.st.stm32cube.ide.mcu.externaltools.gnu-tools-for-stm32.10.3-2021.10.linux64_1.0.0.202111181127/tools/bin/../lib/gcc/arm-none-eabi/10.3.1/../../../../arm-none-eabi/lib/thumb/v7e-m+fp/hard/crt0.o
LOAD ./Core/Src/main.o
LOAD ./Core/Src/stm32f4xx_hal_msp.o
LOAD ./Core/Src/stm32f4xx_it.o
LOAD ./Core/Src/syscalls.o
LOAD ./Core/Src/sysmem.o
LOAD ./Core/Src/system_stm32f4xx.o
LOAD ./Core/Startup/startup_stm32f446retx.o
LOAD ./Drivers/STM32F4xx_HAL_Driver/Src/stm32f4xx_hal.o
LOAD ./Drivers/STM32F4xx_HAL_Driver/Src/stm32f4xx_hal_adc.o
LOAD ./Drivers/STM32F4xx_HAL_Driver/Src/stm32f4xx_hal_adc_ex.o
LOAD ./Drivers/STM32F4xx_HAL_Driver/Src/stm32f4xx_hal_cortex.o
LOAD ./Drivers/STM32F4xx_HAL_Driver/Src/stm32f4xx_hal_dma.o
LOAD ./Drivers/STM32F4xx_HAL_Driver/Src/stm32f4xx_hal_dma_ex.o
LOAD ./Drivers/STM32F4xx_HAL_Driver/Src/stm32f4xx_hal_exti.o
LOAD ./Drivers/STM32F4xx_HAL_Driver/Src/stm32f4xx_hal_flash.o
LOAD ./Drivers/STM32F4xx_HAL_Driver/Src/stm32f4xx_hal_flash_ex.o
LOAD ./Drivers/STM32F4xx_HAL_Driver/Src/stm32f4xx_hal_flash_ramfunc.o
LOAD ./Drivers/STM32F4xx_HAL_Driver/Src/stm32f4xx_hal_gpio.o
LOAD ./Drivers/STM32F4xx_HAL_Driver/Src/stm32f4xx_hal_pwr.o
LOAD ./Drivers/STM32F4xx_HAL_Driver/Src/stm32f4xx_hal_pwr_ex.o
LOAD ./Drivers/STM32F4xx_HAL_Driver/Src/stm32f4xx_hal_rcc.o
LOAD ./Drivers/STM32F4xx_HAL_Driver/Src/stm32f4xx_hal_rcc_ex.o
LOAD ./Drivers/STM32F4xx_HAL_Driver/Src/stm32f4xx_hal_tim.o
LOAD ./Drivers/STM32F4xx_HAL_Driver/Src/stm32f4xx_hal_tim_ex.o
LOAD ./Drivers/STM32F4xx_HAL_Driver/Src/stm32f4xx_hal_uart.o
LOAD ./Drivers/STM32F4xx_HAL_Driver/Src/stm32f4xx_ll_adc.o
START GROUP
LOAD /opt/st/stm32cubeide_1.9.0_4/plugins/com.st.stm32cube.ide.mcu.externaltools.gnu-tools-for-stm32.10.3-2021.10.linux64_1.0.0.202111181127/tools/bin/../lib/gcc/arm-none-eabi/10.3.1/../../../../arm-none-eabi/lib/thumb/v7e-m+fp/hard/libstdc++_nano.a
LOAD /opt/st/stm32cubeide_1.9.0_4/plugins/com.st.stm32cube.ide.mcu.externaltools.gnu-tools-for-stm32.10.3-2021.10.linux64_1.0.0.202111181127/tools/bin/../lib/gcc/arm-none-eabi/10.3.1/../../../../arm-none-eabi/lib/thumb/v7e-m+fp/hard/libsupc++_nano.a
END GROUP
LOAD /opt/st/stm32cubeide_1.9.0_4/plugins/com.st.stm32cube.ide.mcu.externaltools.gnu-tools-for-stm32.10.3-2021.10.linux64_1.0.0.202111181127/tools/bin/../lib/gcc/arm-none-eabi/10.3.1/../../../../arm-none-eabi/lib/thumb/v7e-m+fp/hard/libstdc++_nano.a
LOAD /opt/st/stm32cubeide_1.9.0_4/plugins/com.st.stm32cube.ide.mcu.externaltools.gnu-tools-for-stm32.10.3-2021.10.linux64_1.0.0.202111181127/tools/bin/../lib/gcc/arm-none-eabi/10.3.1/../../../../arm-none-eabi/lib/thumb/v7e-m+fp/hard/libm.a
LOAD /opt/st/stm32cubeide_1.9.0_4/plugins/com.st.stm32cube.ide.mcu.externaltools.gnu-tools-for-stm32.10.3-2021.10.linux64_1.0.0.202111181127/tools/bin/../lib/gcc/arm-none-eabi/10.3.1/../../../../arm-none-eabi/lib/thumb/v7e-m+fp/hard/libc_nano.a
START GROUP
LOAD /opt/st/stm32cubeide_1.9.0_4/plugins/com.st.stm32cube.ide.mcu.externaltools.gnu-tools-for-stm32.10.3-2021.10.linux64_1.0.0.202111181127/tools/bin/../lib/gcc/arm-none-eabi/10.3.1/thumb/v7e-m+fp/hard/libgcc.a
LOAD /opt/st/stm32cubeide_1.9.0_4/plugins/com.st.stm32cube.ide.mcu.externaltools.gnu-tools-for-stm32.10.3-2021.10.linux64_1.0.0.202111181127/tools/bin/../lib/gcc/arm-none-eabi/10.3.1/../../../../arm-none-eabi/lib/thumb/v7e-m+fp/hard/libc_nano.a
END GROUP
START GROUP
LOAD /opt/st/stm32cubeide_1.9.0_4/plugins/com.st.stm32cube.ide.mcu.externaltools.gnu-tools-for-stm32.10.3-2021.10.linux64_1.0.0.202111181127/tools/bin/../lib/gcc/arm-none-eabi/10.3.1/thumb/v7e-m+fp/hard/libgcc.a
LOAD /opt/st/stm32cubeide_1.9.0_4/plugins/com.st.stm32cube.ide.mcu.externaltools.gnu-tools-for-stm32.10.3-2021.10.linux64_1.0.0.202111181127/tools/bin/../lib/gcc/arm-none-eabi/10.3.1/../../../../arm-none-eabi/lib/thumb/v7e-m+fp/hard/libc_nano.a
LOAD /opt/st/stm32cubeide_1.9.0_4/plugins/com.st.stm32cube.ide.mcu.externaltools.gnu-tools-for-stm32.10.3-2021.10.linux64_1.0.0.202111181127/tools/bin/../lib/gcc/arm-none-eabi/10.3.1/../../../../arm-none-eabi/lib/thumb/v7e-m+fp/hard/libnosys.a
END GROUP
START GROUP
LOAD /opt/st/stm32cubeide_1.9.0_4/plugins/com.st.stm32cube.ide.mcu.externaltools.gnu-tools-for-stm32.10.3-2021.10.linux64_1.0.0.202111181127/tools/bin/../lib/gcc/arm-none-eabi/10.3.1/thumb/v7e-m+fp/hard/libgcc.a
LOAD /opt/st/stm32cubeide_1.9.0_4/plugins/com.st.stm32cube.ide.mcu.externaltools.gnu-tools-for-stm32.10.3-2021.10.linux64_1.0.0.202111181127/tools/bin/../lib/gcc/arm-none-eabi/10.3.1/../../../../arm-none-eabi/lib/thumb/v7e-m+fp/hard/libc_nano.a
LOAD /opt/st/stm32cubeide_1.9.0_4/plugins/com.st.stm32cube.ide.mcu.externaltools.gnu-tools-for-stm32.10.3-2021.10.linux64_1.0.0.202111181127/tools/bin/../lib/gcc/arm-none-eabi/10.3.1/../../../../arm-none-eabi/lib/thumb/v7e-m+fp/hard/libnosys.a
END GROUP
LOAD /opt/st/stm32cubeide_1.9.0_4/plugins/com.st.stm32cube.ide.mcu.externaltools.gnu-tools-for-stm32.10.3-2021.10.linux64_1.0.0.202111181127/tools/bin/../lib/gcc/arm-none-eabi/10.3.1/thumb/v7e-m+fp/hard/crtend.o
LOAD /opt/st/stm32cubeide_1.9.0_4/plugins/com.st.stm32cube.ide.mcu.externaltools.gnu-tools-for-stm32.10.3-2021.10.linux64_1.0.0.202111181127/tools/bin/../lib/gcc/arm-none-eabi/10.3.1/thumb/v7e-m+fp/hard/crtn.o
                0x0000000020020000                _estack = (ORIGIN (RAM) + LENGTH (RAM))
                0x0000000000000200                _Min_Heap_Size = 0x200
                0x0000000000000400                _Min_Stack_Size = 0x400

.isr_vector     0x0000000008000000      0x1c4
                0x0000000008000000                . = ALIGN (0x4)
 *(.isr_vector)
 .isr_vector    0x0000000008000000      0x1c4 ./Core/Startup/startup_stm32f446retx.o
                0x0000000008000000                g_pfnVectors
                0x00000000080001c4                . = ALIGN (0x4)

.text           0x00000000080001c4     0x55f8
                0x00000000080001c4                . = ALIGN (0x4)
 *(.text)
 .text          0x00000000080001c4       0x40 /opt/st/stm32cubeide_1.9.0_4/plugins/com.st.stm32cube.ide.mcu.externaltools.gnu-tools-for-stm32.10.3-2021.10.linux64_1.0.0.202111181127/tools/bin/../lib/gcc/arm-none-eabi/10.3.1/thumb/v7e-m+fp/hard/crtbegin.o
 .text          0x0000000008000204       0x30 /opt/st/stm32cubeide_1.9.0_4/plugins/com.st.stm32cube.ide.mcu.externaltools.gnu-tools-for-stm32.10.3-2021.10.linux64_1.0.0.202111181127/tools/bin/../lib/gcc/arm-none-eabi/10.3.1/thumb/v7e-m+fp/hard/libgcc.a(_aeabi_uldivmod.o)
                0x0000000008000204                __aeabi_uldivmod
 .text          0x0000000008000234      0x2d0 /opt/st/stm32cubeide_1.9.0_4/plugins/com.st.stm32cube.ide.mcu.externaltools.gnu-tools-for-stm32.10.3-2021.10.linux64_1.0.0.202111181127/tools/bin/../lib/gcc/arm-none-eabi/10.3.1/thumb/v7e-m+fp/hard/libgcc.a(_udivmoddi4.o)
                0x0000000008000234                __udivmoddi4
 .text          0x0000000008000504        0x4 /opt/st/stm32cubeide_1.9.0_4/plugins/com.st.stm32cube.ide.mcu.externaltools.gnu-tools-for-stm32.10.3-2021.10.linux64_1.0.0.202111181127/tools/bin/../lib/gcc/arm-none-eabi/10.3.1/thumb/v7e-m+fp/hard/libgcc.a(_dvmd_tls.o)
                0x0000000008000504                __aeabi_ldiv0
                0x0000000008000504                __aeabi_idiv0
 *(.text*)
 .text.HAL_TIM_IC_CaptureCallback
                0x0000000008000508       0xbc ./Core/Src/main.o
                0x0000000008000508                HAL_TIM_IC_CaptureCallback
 .text.Voltage  0x00000000080005c4       0x60 ./Core/Src/main.o
                0x00000000080005c4                Voltage
 .text.main     0x0000000008000624      0x124 ./Core/Src/main.o
                0x0000000008000624                main
 .text.SystemClock_Config
                0x0000000008000748       0xd8 ./Core/Src/main.o
                0x0000000008000748                SystemClock_Config
 .text.MX_ADC1_Init
                0x0000000008000820       0xa4 ./Core/Src/main.o
 .text.MX_TIM1_Init
                0x00000000080008c4      0x19c ./Core/Src/main.o
 .text.MX_TIM2_Init
                0x0000000008000a60       0xa8 ./Core/Src/main.o
 .text.MX_TIM3_Init
                0x0000000008000b08       0xa8 ./Core/Src/main.o
 .text.MX_TIM4_Init
                0x0000000008000bb0       0xa8 ./Core/Src/main.o
 .text.MX_TIM5_Init
                0x0000000008000c58       0xa8 ./Core/Src/main.o
 .text.MX_TIM10_Init
                0x0000000008000d00       0x9c ./Core/Src/main.o
 .text.MX_TIM11_Init
                0x0000000008000d9c       0x48 ./Core/Src/main.o
 .text.MX_TIM12_Init
                0x0000000008000de4       0xc8 ./Core/Src/main.o
 .text.MX_TIM13_Init
                0x0000000008000eac       0x9c ./Core/Src/main.o
 .text.MX_TIM14_Init
                0x0000000008000f48       0x9c ./Core/Src/main.o
 .text.MX_USART2_UART_Init
                0x0000000008000fe4       0x54 ./Core/Src/main.o
 .text.MX_USART3_UART_Init
                0x0000000008001038       0x54 ./Core/Src/main.o
 .text.MX_GPIO_Init
                0x000000000800108c      0x138 ./Core/Src/main.o
 .text.Error_Handler
                0x00000000080011c4        0xa ./Core/Src/main.o
                0x00000000080011c4                Error_Handler
 *fill*         0x00000000080011ce        0x2 
 .text.HAL_MspInit
                0x00000000080011d0       0x50 ./Core/Src/stm32f4xx_hal_msp.o
                0x00000000080011d0                HAL_MspInit
 .text.HAL_ADC_MspInit
                0x0000000008001220       0x88 ./Core/Src/stm32f4xx_hal_msp.o
                0x0000000008001220                HAL_ADC_MspInit
 .text.HAL_TIM_Base_MspInit
                0x00000000080012a8      0x120 ./Core/Src/stm32f4xx_hal_msp.o
                0x00000000080012a8                HAL_TIM_Base_MspInit
 .text.HAL_TIM_Encoder_MspInit
                0x00000000080013c8      0x248 ./Core/Src/stm32f4xx_hal_msp.o
                0x00000000080013c8                HAL_TIM_Encoder_MspInit
 .text.HAL_TIM_MspPostInit
                0x0000000008001610      0x1ac ./Core/Src/stm32f4xx_hal_msp.o
                0x0000000008001610                HAL_TIM_MspPostInit
 .text.HAL_UART_MspInit
                0x00000000080017bc      0x14c ./Core/Src/stm32f4xx_hal_msp.o
                0x00000000080017bc                HAL_UART_MspInit
 .text.NMI_Handler
                0x0000000008001908        0x6 ./Core/Src/stm32f4xx_it.o
                0x0000000008001908                NMI_Handler
 .text.HardFault_Handler
                0x000000000800190e        0x6 ./Core/Src/stm32f4xx_it.o
                0x000000000800190e                HardFault_Handler
 .text.MemManage_Handler
                0x0000000008001914        0x6 ./Core/Src/stm32f4xx_it.o
                0x0000000008001914                MemManage_Handler
 .text.BusFault_Handler
                0x000000000800191a        0x6 ./Core/Src/stm32f4xx_it.o
                0x000000000800191a                BusFault_Handler
 .text.UsageFault_Handler
                0x0000000008001920        0x6 ./Core/Src/stm32f4xx_it.o
                0x0000000008001920                UsageFault_Handler
 .text.SVC_Handler
                0x0000000008001926        0xe ./Core/Src/stm32f4xx_it.o
                0x0000000008001926                SVC_Handler
 .text.DebugMon_Handler
                0x0000000008001934        0xe ./Core/Src/stm32f4xx_it.o
                0x0000000008001934                DebugMon_Handler
 .text.PendSV_Handler
                0x0000000008001942        0xe ./Core/Src/stm32f4xx_it.o
                0x0000000008001942                PendSV_Handler
 .text.SysTick_Handler
                0x0000000008001950        0xc ./Core/Src/stm32f4xx_it.o
                0x0000000008001950                SysTick_Handler
 .text.TIM2_IRQHandler
                0x000000000800195c       0x14 ./Core/Src/stm32f4xx_it.o
                0x000000000800195c                TIM2_IRQHandler
 .text.TIM3_IRQHandler
                0x0000000008001970       0x14 ./Core/Src/stm32f4xx_it.o
                0x0000000008001970                TIM3_IRQHandler
 .text.TIM4_IRQHandler
                0x0000000008001984       0x14 ./Core/Src/stm32f4xx_it.o
                0x0000000008001984                TIM4_IRQHandler
 .text.USART2_IRQHandler
                0x0000000008001998       0x14 ./Core/Src/stm32f4xx_it.o
                0x0000000008001998                USART2_IRQHandler
 .text.TIM5_IRQHandler
                0x00000000080019ac       0x14 ./Core/Src/stm32f4xx_it.o
                0x00000000080019ac                TIM5_IRQHandler
 .text.SystemInit
                0x00000000080019c0       0x24 ./Core/Src/system_stm32f4xx.o
                0x00000000080019c0                SystemInit
 .text.Reset_Handler
                0x00000000080019e4       0x50 ./Core/Startup/startup_stm32f446retx.o
                0x00000000080019e4                Reset_Handler
 .text.Default_Handler
                0x0000000008001a34        0x2 ./Core/Startup/startup_stm32f446retx.o
                0x0000000008001a34                RTC_Alarm_IRQHandler
                0x0000000008001a34                EXTI2_IRQHandler
                0x0000000008001a34                TIM8_CC_IRQHandler
                0x0000000008001a34                FMPI2C1_EV_IRQHandler
                0x0000000008001a34                SPI4_IRQHandler
                0x0000000008001a34                TIM1_CC_IRQHandler
                0x0000000008001a34                DMA2_Stream5_IRQHandler
                0x0000000008001a34                DMA1_Stream5_IRQHandler
                0x0000000008001a34                PVD_IRQHandler
                0x0000000008001a34                SDIO_IRQHandler
                0x0000000008001a34                TAMP_STAMP_IRQHandler
                0x0000000008001a34                CAN2_RX1_IRQHandler
                0x0000000008001a34                EXTI3_IRQHandler
                0x0000000008001a34                TIM8_TRG_COM_TIM14_IRQHandler
                0x0000000008001a34                TIM1_UP_TIM10_IRQHandler
                0x0000000008001a34                TIM8_UP_TIM13_IRQHandler
                0x0000000008001a34                I2C3_ER_IRQHandler
                0x0000000008001a34                EXTI0_IRQHandler
                0x0000000008001a34                I2C2_EV_IRQHandler
                0x0000000008001a34                DMA1_Stream2_IRQHandler
                0x0000000008001a34                CAN1_RX0_IRQHandler
                0x0000000008001a34                FPU_IRQHandler
                0x0000000008001a34                OTG_HS_WKUP_IRQHandler
                0x0000000008001a34                CAN2_SCE_IRQHandler
                0x0000000008001a34                DMA2_Stream2_IRQHandler
                0x0000000008001a34                SPI1_IRQHandler
                0x0000000008001a34                TIM6_DAC_IRQHandler
                0x0000000008001a34                TIM1_BRK_TIM9_IRQHandler
                0x0000000008001a34                DCMI_IRQHandler
                0x0000000008001a34                CAN2_RX0_IRQHandler
                0x0000000008001a34                DMA2_Stream3_IRQHandler
                0x0000000008001a34                SAI2_IRQHandler
                0x0000000008001a34                USART6_IRQHandler
                0x0000000008001a34                USART3_IRQHandler
                0x0000000008001a34                CAN1_RX1_IRQHandler
                0x0000000008001a34                UART5_IRQHandler
                0x0000000008001a34                DMA2_Stream0_IRQHandler
                0x0000000008001a34                QUADSPI_IRQHandler
                0x0000000008001a34                I2C1_EV_IRQHandler
                0x0000000008001a34                DMA1_Stream6_IRQHandler
                0x0000000008001a34                DMA1_Stream1_IRQHandler
                0x0000000008001a34                UART4_IRQHandler
                0x0000000008001a34                RCC_IRQHandler
                0x0000000008001a34                TIM8_BRK_TIM12_IRQHandler
                0x0000000008001a34                Default_Handler
                0x0000000008001a34                CEC_IRQHandler
                0x0000000008001a34                EXTI15_10_IRQHandler
                0x0000000008001a34                ADC_IRQHandler
                0x0000000008001a34                DMA1_Stream7_IRQHandler
                0x0000000008001a34                TIM7_IRQHandler
                0x0000000008001a34                CAN2_TX_IRQHandler
                0x0000000008001a34                DMA2_Stream7_IRQHandler
                0x0000000008001a34                I2C3_EV_IRQHandler
                0x0000000008001a34                EXTI9_5_IRQHandler
                0x0000000008001a34                RTC_WKUP_IRQHandler
                0x0000000008001a34                SPDIF_RX_IRQHandler
                0x0000000008001a34                SPI2_IRQHandler
                0x0000000008001a34                OTG_HS_EP1_IN_IRQHandler
                0x0000000008001a34                DMA1_Stream0_IRQHandler
                0x0000000008001a34                CAN1_TX_IRQHandler
                0x0000000008001a34                FMPI2C1_ER_IRQHandler
                0x0000000008001a34                EXTI4_IRQHandler
                0x0000000008001a34                OTG_HS_EP1_OUT_IRQHandler
                0x0000000008001a34                WWDG_IRQHandler
                0x0000000008001a34                OTG_FS_WKUP_IRQHandler
                0x0000000008001a34                TIM1_TRG_COM_TIM11_IRQHandler
                0x0000000008001a34                OTG_HS_IRQHandler
                0x0000000008001a34                EXTI1_IRQHandler
                0x0000000008001a34                I2C2_ER_IRQHandler
                0x0000000008001a34                DMA2_Stream1_IRQHandler
                0x0000000008001a34                CAN1_SCE_IRQHandler
                0x0000000008001a34                FLASH_IRQHandler
                0x0000000008001a34                DMA2_Stream4_IRQHandler
                0x0000000008001a34                USART1_IRQHandler
                0x0000000008001a34                OTG_FS_IRQHandler
                0x0000000008001a34                SPI3_IRQHandler
                0x0000000008001a34                DMA1_Stream4_IRQHandler
                0x0000000008001a34                I2C1_ER_IRQHandler
                0x0000000008001a34                FMC_IRQHandler
                0x0000000008001a34                DMA2_Stream6_IRQHandler
                0x0000000008001a34                SAI1_IRQHandler
                0x0000000008001a34                DMA1_Stream3_IRQHandler
 *fill*         0x0000000008001a36        0x2 
 .text.HAL_Init
                0x0000000008001a38       0x44 ./Drivers/STM32F4xx_HAL_Driver/Src/stm32f4xx_hal.o
                0x0000000008001a38                HAL_Init
 .text.HAL_InitTick
                0x0000000008001a7c       0x60 ./Drivers/STM32F4xx_HAL_Driver/Src/stm32f4xx_hal.o
                0x0000000008001a7c                HAL_InitTick
 .text.HAL_IncTick
                0x0000000008001adc       0x28 ./Drivers/STM32F4xx_HAL_Driver/Src/stm32f4xx_hal.o
                0x0000000008001adc                HAL_IncTick
 .text.HAL_GetTick
                0x0000000008001b04       0x18 ./Drivers/STM32F4xx_HAL_Driver/Src/stm32f4xx_hal.o
                0x0000000008001b04                HAL_GetTick
 .text.HAL_Delay
                0x0000000008001b1c       0x48 ./Drivers/STM32F4xx_HAL_Driver/Src/stm32f4xx_hal.o
                0x0000000008001b1c                HAL_Delay
 .text.HAL_ADC_Init
                0x0000000008001b64       0x86 ./Drivers/STM32F4xx_HAL_Driver/Src/stm32f4xx_hal_adc.o
                0x0000000008001b64                HAL_ADC_Init
 *fill*         0x0000000008001bea        0x2 
 .text.HAL_ADC_Start
                0x0000000008001bec      0x1a4 ./Drivers/STM32F4xx_HAL_Driver/Src/stm32f4xx_hal_adc.o
                0x0000000008001bec                HAL_ADC_Start
 .text.HAL_ADC_PollForConversion
                0x0000000008001d90      0x116 ./Drivers/STM32F4xx_HAL_Driver/Src/stm32f4xx_hal_adc.o
                0x0000000008001d90                HAL_ADC_PollForConversion
 .text.HAL_ADC_GetValue
                0x0000000008001ea6       0x1a ./Drivers/STM32F4xx_HAL_Driver/Src/stm32f4xx_hal_adc.o
                0x0000000008001ea6                HAL_ADC_GetValue
 .text.HAL_ADC_ConfigChannel
                0x0000000008001ec0      0x264 ./Drivers/STM32F4xx_HAL_Driver/Src/stm32f4xx_hal_adc.o
                0x0000000008001ec0                HAL_ADC_ConfigChannel
 .text.ADC_Init
                0x0000000008002124      0x1f8 ./Drivers/STM32F4xx_HAL_Driver/Src/stm32f4xx_hal_adc.o
 .text.__NVIC_SetPriorityGrouping
                0x000000000800231c       0x48 ./Drivers/STM32F4xx_HAL_Driver/Src/stm32f4xx_hal_cortex.o
 .text.__NVIC_GetPriorityGrouping
                0x0000000008002364       0x1c ./Drivers/STM32F4xx_HAL_Driver/Src/stm32f4xx_hal_cortex.o
 .text.__NVIC_EnableIRQ
                0x0000000008002380       0x3c ./Drivers/STM32F4xx_HAL_Driver/Src/stm32f4xx_hal_cortex.o
 .text.__NVIC_SetPriority
                0x00000000080023bc       0x54 ./Drivers/STM32F4xx_HAL_Driver/Src/stm32f4xx_hal_cortex.o
 .text.NVIC_EncodePriority
                0x0000000008002410       0x66 ./Drivers/STM32F4xx_HAL_Driver/Src/stm32f4xx_hal_cortex.o
 *fill*         0x0000000008002476        0x2 
 .text.SysTick_Config
                0x0000000008002478       0x44 ./Drivers/STM32F4xx_HAL_Driver/Src/stm32f4xx_hal_cortex.o
 .text.HAL_NVIC_SetPriorityGrouping
                0x00000000080024bc       0x16 ./Drivers/STM32F4xx_HAL_Driver/Src/stm32f4xx_hal_cortex.o
                0x00000000080024bc                HAL_NVIC_SetPriorityGrouping
 .text.HAL_NVIC_SetPriority
                0x00000000080024d2       0x38 ./Drivers/STM32F4xx_HAL_Driver/Src/stm32f4xx_hal_cortex.o
                0x00000000080024d2                HAL_NVIC_SetPriority
 .text.HAL_NVIC_EnableIRQ
                0x000000000800250a       0x1c ./Drivers/STM32F4xx_HAL_Driver/Src/stm32f4xx_hal_cortex.o
                0x000000000800250a                HAL_NVIC_EnableIRQ
 .text.HAL_SYSTICK_Config
                0x0000000008002526       0x18 ./Drivers/STM32F4xx_HAL_Driver/Src/stm32f4xx_hal_cortex.o
                0x0000000008002526                HAL_SYSTICK_Config
 .text.HAL_DMA_Abort
                0x000000000800253e       0xe0 ./Drivers/STM32F4xx_HAL_Driver/Src/stm32f4xx_hal_dma.o
                0x000000000800253e                HAL_DMA_Abort
 .text.HAL_DMA_Abort_IT
                0x000000000800261e       0x44 ./Drivers/STM32F4xx_HAL_Driver/Src/stm32f4xx_hal_dma.o
                0x000000000800261e                HAL_DMA_Abort_IT
 *fill*         0x0000000008002662        0x2 
 .text.HAL_GPIO_Init
                0x0000000008002664      0x328 ./Drivers/STM32F4xx_HAL_Driver/Src/stm32f4xx_hal_gpio.o
                0x0000000008002664                HAL_GPIO_Init
 .text.HAL_GPIO_WritePin
                0x000000000800298c       0x32 ./Drivers/STM32F4xx_HAL_Driver/Src/stm32f4xx_hal_gpio.o
                0x000000000800298c                HAL_GPIO_WritePin
 *fill*         0x00000000080029be        0x2 
 .text.HAL_RCC_ClockConfig
                0x00000000080029c0      0x1cc ./Drivers/STM32F4xx_HAL_Driver/Src/stm32f4xx_hal_rcc.o
                0x00000000080029c0                HAL_RCC_ClockConfig
 .text.HAL_RCC_GetHCLKFreq
                0x0000000008002b8c       0x18 ./Drivers/STM32F4xx_HAL_Driver/Src/stm32f4xx_hal_rcc.o
                0x0000000008002b8c                HAL_RCC_GetHCLKFreq
 .text.HAL_RCC_GetPCLK1Freq
                0x0000000008002ba4       0x28 ./Drivers/STM32F4xx_HAL_Driver/Src/stm32f4xx_hal_rcc.o
                0x0000000008002ba4                HAL_RCC_GetPCLK1Freq
 .text.HAL_RCC_GetPCLK2Freq
                0x0000000008002bcc       0x28 ./Drivers/STM32F4xx_HAL_Driver/Src/stm32f4xx_hal_rcc.o
                0x0000000008002bcc                HAL_RCC_GetPCLK2Freq
 .text.HAL_RCC_GetSysClockFreq
                0x0000000008002bf4      0x460 ./Drivers/STM32F4xx_HAL_Driver/Src/stm32f4xx_hal_rcc_ex.o
                0x0000000008002bf4                HAL_RCC_GetSysClockFreq
 .text.HAL_RCC_OscConfig
                0x0000000008003054      0x53c ./Drivers/STM32F4xx_HAL_Driver/Src/stm32f4xx_hal_rcc_ex.o
                0x0000000008003054                HAL_RCC_OscConfig
 .text.HAL_TIM_Base_Init
                0x0000000008003590       0x9e ./Drivers/STM32F4xx_HAL_Driver/Src/stm32f4xx_hal_tim.o
                0x0000000008003590                HAL_TIM_Base_Init
 .text.HAL_TIM_PWM_Init
                0x000000000800362e       0x9e ./Drivers/STM32F4xx_HAL_Driver/Src/stm32f4xx_hal_tim.o
                0x000000000800362e                HAL_TIM_PWM_Init
 .text.HAL_TIM_PWM_MspInit
                0x00000000080036cc       0x14 ./Drivers/STM32F4xx_HAL_Driver/Src/stm32f4xx_hal_tim.o
                0x00000000080036cc                HAL_TIM_PWM_MspInit
 .text.HAL_TIM_PWM_Start
                0x00000000080036e0      0x190 ./Drivers/STM32F4xx_HAL_Driver/Src/stm32f4xx_hal_tim.o
                0x00000000080036e0                HAL_TIM_PWM_Start
 .text.HAL_TIM_OnePulse_Init
                0x0000000008003870       0xa0 ./Drivers/STM32F4xx_HAL_Driver/Src/stm32f4xx_hal_tim.o
                0x0000000008003870                HAL_TIM_OnePulse_Init
 .text.HAL_TIM_OnePulse_MspInit
                0x0000000008003910       0x14 ./Drivers/STM32F4xx_HAL_Driver/Src/stm32f4xx_hal_tim.o
                0x0000000008003910                HAL_TIM_OnePulse_MspInit
 .text.HAL_TIM_Encoder_Init
                0x0000000008003924      0x14c ./Drivers/STM32F4xx_HAL_Driver/Src/stm32f4xx_hal_tim.o
                0x0000000008003924                HAL_TIM_Encoder_Init
 .text.HAL_TIM_Encoder_Start_IT
                0x0000000008003a70      0x15c ./Drivers/STM32F4xx_HAL_Driver/Src/stm32f4xx_hal_tim.o
                0x0000000008003a70                HAL_TIM_Encoder_Start_IT
 .text.HAL_TIM_IRQHandler
                0x0000000008003bcc      0x210 ./Drivers/STM32F4xx_HAL_Driver/Src/stm32f4xx_hal_tim.o
                0x0000000008003bcc                HAL_TIM_IRQHandler
 .text.HAL_TIM_PWM_ConfigChannel
                0x0000000008003ddc      0x184 ./Drivers/STM32F4xx_HAL_Driver/Src/stm32f4xx_hal_tim.o
                0x0000000008003ddc                HAL_TIM_PWM_ConfigChannel
 .text.HAL_TIM_ConfigClockSource
                0x0000000008003f60      0x18e ./Drivers/STM32F4xx_HAL_Driver/Src/stm32f4xx_hal_tim.o
                0x0000000008003f60                HAL_TIM_ConfigClockSource
 .text.HAL_TIM_PeriodElapsedCallback
                0x00000000080040ee       0x14 ./Drivers/STM32F4xx_HAL_Driver/Src/stm32f4xx_hal_tim.o
                0x00000000080040ee                HAL_TIM_PeriodElapsedCallback
 .text.HAL_TIM_OC_DelayElapsedCallback
                0x0000000008004102       0x14 ./Drivers/STM32F4xx_HAL_Driver/Src/stm32f4xx_hal_tim.o
                0x0000000008004102                HAL_TIM_OC_DelayElapsedCallback
 .text.HAL_TIM_PWM_PulseFinishedCallback
                0x0000000008004116       0x14 ./Drivers/STM32F4xx_HAL_Driver/Src/stm32f4xx_hal_tim.o
                0x0000000008004116                HAL_TIM_PWM_PulseFinishedCallback
 .text.HAL_TIM_TriggerCallback
                0x000000000800412a       0x14 ./Drivers/STM32F4xx_HAL_Driver/Src/stm32f4xx_hal_tim.o
                0x000000000800412a                HAL_TIM_TriggerCallback
 *fill*         0x000000000800413e        0x2 
 .text.TIM_Base_SetConfig
                0x0000000008004140      0x140 ./Drivers/STM32F4xx_HAL_Driver/Src/stm32f4xx_hal_tim.o
                0x0000000008004140                TIM_Base_SetConfig
 .text.TIM_OC1_SetConfig
                0x0000000008004280       0xe0 ./Drivers/STM32F4xx_HAL_Driver/Src/stm32f4xx_hal_tim.o
 .text.TIM_OC2_SetConfig
                0x0000000008004360       0xec ./Drivers/STM32F4xx_HAL_Driver/Src/stm32f4xx_hal_tim.o
                0x0000000008004360                TIM_OC2_SetConfig
 .text.TIM_OC3_SetConfig
                0x000000000800444c       0xe8 ./Drivers/STM32F4xx_HAL_Driver/Src/stm32f4xx_hal_tim.o
 .text.TIM_OC4_SetConfig
                0x0000000008004534       0xac ./Drivers/STM32F4xx_HAL_Driver/Src/stm32f4xx_hal_tim.o
 .text.TIM_TI1_ConfigInputStage
                0x00000000080045e0       0x5e ./Drivers/STM32F4xx_HAL_Driver/Src/stm32f4xx_hal_tim.o
 .text.TIM_TI2_ConfigInputStage
                0x000000000800463e       0x60 ./Drivers/STM32F4xx_HAL_Driver/Src/stm32f4xx_hal_tim.o
 .text.TIM_ITRx_SetConfig
                0x000000000800469e       0x36 ./Drivers/STM32F4xx_HAL_Driver/Src/stm32f4xx_hal_tim.o
 .text.TIM_ETR_SetConfig
                0x00000000080046d4       0x40 ./Drivers/STM32F4xx_HAL_Driver/Src/stm32f4xx_hal_tim.o
                0x00000000080046d4                TIM_ETR_SetConfig
 .text.TIM_CCxChannelCmd
                0x0000000008004714       0x4a ./Drivers/STM32F4xx_HAL_Driver/Src/stm32f4xx_hal_tim.o
                0x0000000008004714                TIM_CCxChannelCmd
 *fill*         0x000000000800475e        0x2 
 .text.HAL_TIMEx_MasterConfigSynchronization
                0x0000000008004760       0xf8 ./Drivers/STM32F4xx_HAL_Driver/Src/stm32f4xx_hal_tim_ex.o
                0x0000000008004760                HAL_TIMEx_MasterConfigSynchronization
 .text.HAL_TIMEx_ConfigBreakDeadTime
                0x0000000008004858       0xa4 ./Drivers/STM32F4xx_HAL_Driver/Src/stm32f4xx_hal_tim_ex.o
                0x0000000008004858                HAL_TIMEx_ConfigBreakDeadTime
 .text.HAL_TIMEx_CommutCallback
                0x00000000080048fc       0x14 ./Drivers/STM32F4xx_HAL_Driver/Src/stm32f4xx_hal_tim_ex.o
                0x00000000080048fc                HAL_TIMEx_CommutCallback
 .text.HAL_TIMEx_BreakCallback
                0x0000000008004910       0x14 ./Drivers/STM32F4xx_HAL_Driver/Src/stm32f4xx_hal_tim_ex.o
                0x0000000008004910                HAL_TIMEx_BreakCallback
 .text.HAL_UART_Init
                0x0000000008004924       0x9a ./Drivers/STM32F4xx_HAL_Driver/Src/stm32f4xx_hal_uart.o
                0x0000000008004924                HAL_UART_Init
 *fill*         0x00000000080049be        0x2 
 .text.HAL_UART_IRQHandler
                0x00000000080049c0      0x51c ./Drivers/STM32F4xx_HAL_Driver/Src/stm32f4xx_hal_uart.o
                0x00000000080049c0                HAL_UART_IRQHandler
 .text.HAL_UART_TxCpltCallback
                0x0000000008004edc       0x14 ./Drivers/STM32F4xx_HAL_Driver/Src/stm32f4xx_hal_uart.o
                0x0000000008004edc                HAL_UART_TxCpltCallback
 .text.HAL_UART_RxCpltCallback
                0x0000000008004ef0       0x14 ./Drivers/STM32F4xx_HAL_Driver/Src/stm32f4xx_hal_uart.o
                0x0000000008004ef0                HAL_UART_RxCpltCallback
 .text.HAL_UART_ErrorCallback
                0x0000000008004f04       0x14 ./Drivers/STM32F4xx_HAL_Driver/Src/stm32f4xx_hal_uart.o
                0x0000000008004f04                HAL_UART_ErrorCallback
 .text.HAL_UARTEx_RxEventCallback
                0x0000000008004f18       0x18 ./Drivers/STM32F4xx_HAL_Driver/Src/stm32f4xx_hal_uart.o
                0x0000000008004f18                HAL_UARTEx_RxEventCallback
 .text.UART_EndRxTransfer
                0x0000000008004f30       0xc6 ./Drivers/STM32F4xx_HAL_Driver/Src/stm32f4xx_hal_uart.o
 .text.UART_DMAAbortOnError
                0x0000000008004ff6       0x28 ./Drivers/STM32F4xx_HAL_Driver/Src/stm32f4xx_hal_uart.o
 .text.UART_Transmit_IT
                0x000000000800501e       0xa0 ./Drivers/STM32F4xx_HAL_Driver/Src/stm32f4xx_hal_uart.o
 .text.UART_EndTransmit_IT
                0x00000000080050be       0x30 ./Drivers/STM32F4xx_HAL_Driver/Src/stm32f4xx_hal_uart.o
 .text.UART_Receive_IT
                0x00000000080050ee      0x176 ./Drivers/STM32F4xx_HAL_Driver/Src/stm32f4xx_hal_uart.o
 .text.UART_SetConfig
                0x0000000008005264      0x4e8 ./Drivers/STM32F4xx_HAL_Driver/Src/stm32f4xx_hal_uart.o
 .text.__libc_init_array
                0x000000000800574c       0x48 /opt/st/stm32cubeide_1.9.0_4/plugins/com.st.stm32cube.ide.mcu.externaltools.gnu-tools-for-stm32.10.3-2021.10.linux64_1.0.0.202111181127/tools/bin/../lib/gcc/arm-none-eabi/10.3.1/../../../../arm-none-eabi/lib/thumb/v7e-m+fp/hard/libc_nano.a(lib_a-init.o)
                0x000000000800574c                __libc_init_array
 .text.memset   0x0000000008005794       0x10 /opt/st/stm32cubeide_1.9.0_4/plugins/com.st.stm32cube.ide.mcu.externaltools.gnu-tools-for-stm32.10.3-2021.10.linux64_1.0.0.202111181127/tools/bin/../lib/gcc/arm-none-eabi/10.3.1/../../../../arm-none-eabi/lib/thumb/v7e-m+fp/hard/libc_nano.a(lib_a-memset.o)
                0x0000000008005794                memset
 *(.glue_7)
 .glue_7        0x00000000080057a4        0x0 linker stubs
 *(.glue_7t)
 .glue_7t       0x00000000080057a4        0x0 linker stubs
 *(.eh_frame)
 .eh_frame      0x00000000080057a4        0x0 /opt/st/stm32cubeide_1.9.0_4/plugins/com.st.stm32cube.ide.mcu.externaltools.gnu-tools-for-stm32.10.3-2021.10.linux64_1.0.0.202111181127/tools/bin/../lib/gcc/arm-none-eabi/10.3.1/thumb/v7e-m+fp/hard/crtbegin.o
 *(.init)
 .init          0x00000000080057a4        0x4 /opt/st/stm32cubeide_1.9.0_4/plugins/com.st.stm32cube.ide.mcu.externaltools.gnu-tools-for-stm32.10.3-2021.10.linux64_1.0.0.202111181127/tools/bin/../lib/gcc/arm-none-eabi/10.3.1/thumb/v7e-m+fp/hard/crti.o
                0x00000000080057a4                _init
 .init          0x00000000080057a8        0x8 /opt/st/stm32cubeide_1.9.0_4/plugins/com.st.stm32cube.ide.mcu.externaltools.gnu-tools-for-stm32.10.3-2021.10.linux64_1.0.0.202111181127/tools/bin/../lib/gcc/arm-none-eabi/10.3.1/thumb/v7e-m+fp/hard/crtn.o
 *(.fini)
 .fini          0x00000000080057b0        0x4 /opt/st/stm32cubeide_1.9.0_4/plugins/com.st.stm32cube.ide.mcu.externaltools.gnu-tools-for-stm32.10.3-2021.10.linux64_1.0.0.202111181127/tools/bin/../lib/gcc/arm-none-eabi/10.3.1/thumb/v7e-m+fp/hard/crti.o
                0x00000000080057b0                _fini
 .fini          0x00000000080057b4        0x8 /opt/st/stm32cubeide_1.9.0_4/plugins/com.st.stm32cube.ide.mcu.externaltools.gnu-tools-for-stm32.10.3-2021.10.linux64_1.0.0.202111181127/tools/bin/../lib/gcc/arm-none-eabi/10.3.1/thumb/v7e-m+fp/hard/crtn.o
                0x00000000080057bc                . = ALIGN (0x4)
                0x00000000080057bc                _etext = .

.vfp11_veneer   0x00000000080057bc        0x0
 .vfp11_veneer  0x00000000080057bc        0x0 linker stubs

.v4_bx          0x00000000080057bc        0x0
 .v4_bx         0x00000000080057bc        0x0 linker stubs

.iplt           0x00000000080057bc        0x0
 .iplt          0x00000000080057bc        0x0 /opt/st/stm32cubeide_1.9.0_4/plugins/com.st.stm32cube.ide.mcu.externaltools.gnu-tools-for-stm32.10.3-2021.10.linux64_1.0.0.202111181127/tools/bin/../lib/gcc/arm-none-eabi/10.3.1/thumb/v7e-m+fp/hard/crtbegin.o

.rodata         0x00000000080057bc       0x18
                0x00000000080057bc                . = ALIGN (0x4)
 *(.rodata)
 *(.rodata*)
 .rodata.AHBPrescTable
                0x00000000080057bc       0x10 ./Core/Src/system_stm32f4xx.o
                0x00000000080057bc                AHBPrescTable
 .rodata.APBPrescTable
                0x00000000080057cc        0x8 ./Core/Src/system_stm32f4xx.o
                0x00000000080057cc                APBPrescTable
                0x00000000080057d4                . = ALIGN (0x4)

.ARM.extab      0x00000000080057d4        0x0
                0x00000000080057d4                . = ALIGN (0x4)
 *(.ARM.extab* .gnu.linkonce.armextab.*)
                0x00000000080057d4                . = ALIGN (0x4)

.ARM            0x00000000080057d4        0x8
                0x00000000080057d4                . = ALIGN (0x4)
                0x00000000080057d4                __exidx_start = .
 *(.ARM.exidx*)
 .ARM.exidx     0x00000000080057d4        0x8 /opt/st/stm32cubeide_1.9.0_4/plugins/com.st.stm32cube.ide.mcu.externaltools.gnu-tools-for-stm32.10.3-2021.10.linux64_1.0.0.202111181127/tools/bin/../lib/gcc/arm-none-eabi/10.3.1/thumb/v7e-m+fp/hard/libgcc.a(_udivmoddi4.o)
                0x00000000080057dc                __exidx_end = .
                0x00000000080057dc                . = ALIGN (0x4)

.rel.dyn        0x00000000080057dc        0x0
 .rel.iplt      0x00000000080057dc        0x0 /opt/st/stm32cubeide_1.9.0_4/plugins/com.st.stm32cube.ide.mcu.externaltools.gnu-tools-for-stm32.10.3-2021.10.linux64_1.0.0.202111181127/tools/bin/../lib/gcc/arm-none-eabi/10.3.1/thumb/v7e-m+fp/hard/crtbegin.o

.preinit_array  0x00000000080057dc        0x0
                0x00000000080057dc                . = ALIGN (0x4)
                0x00000000080057dc                PROVIDE (__preinit_array_start = .)
 *(.preinit_array*)
                0x00000000080057dc                PROVIDE (__preinit_array_end = .)
                0x00000000080057dc                . = ALIGN (0x4)

.init_array     0x00000000080057dc        0x4
                0x00000000080057dc                . = ALIGN (0x4)
                0x00000000080057dc                PROVIDE (__init_array_start = .)
 *(SORT_BY_NAME(.init_array.*))
 *(.init_array*)
 .init_array    0x00000000080057dc        0x4 /opt/st/stm32cubeide_1.9.0_4/plugins/com.st.stm32cube.ide.mcu.externaltools.gnu-tools-for-stm32.10.3-2021.10.linux64_1.0.0.202111181127/tools/bin/../lib/gcc/arm-none-eabi/10.3.1/thumb/v7e-m+fp/hard/crtbegin.o
                0x00000000080057e0                PROVIDE (__init_array_end = .)
                0x00000000080057e0                . = ALIGN (0x4)

.fini_array     0x00000000080057e0        0x4
                0x00000000080057e0                . = ALIGN (0x4)
                [!provide]                        PROVIDE (__fini_array_start = .)
 *(SORT_BY_NAME(.fini_array.*))
 *(.fini_array*)
 .fini_array    0x00000000080057e0        0x4 /opt/st/stm32cubeide_1.9.0_4/plugins/com.st.stm32cube.ide.mcu.externaltools.gnu-tools-for-stm32.10.3-2021.10.linux64_1.0.0.202111181127/tools/bin/../lib/gcc/arm-none-eabi/10.3.1/thumb/v7e-m+fp/hard/crtbegin.o
                [!provide]                        PROVIDE (__fini_array_end = .)
                0x00000000080057e4                . = ALIGN (0x4)
                0x00000000080057e4                _sidata = LOADADDR (.data)

.data           0x0000000020000000        0xc load address 0x00000000080057e4
                0x0000000020000000                . = ALIGN (0x4)
                0x0000000020000000                _sdata = .
 *(.data)
 *(.data*)
 .data.SystemCoreClock
                0x0000000020000000        0x4 ./Core/Src/system_stm32f4xx.o
                0x0000000020000000                SystemCoreClock
 .data.uwTickPrio
                0x0000000020000004        0x4 ./Drivers/STM32F4xx_HAL_Driver/Src/stm32f4xx_hal.o
                0x0000000020000004                uwTickPrio
 .data.uwTickFreq
                0x0000000020000008        0x1 ./Drivers/STM32F4xx_HAL_Driver/Src/stm32f4xx_hal.o
                0x0000000020000008                uwTickFreq
 *(.RamFunc)
 *(.RamFunc*)
                0x000000002000000c                . = ALIGN (0x4)
 *fill*         0x0000000020000009        0x3 
                0x000000002000000c                _edata = .

.igot.plt       0x000000002000000c        0x0 load address 0x00000000080057f0
 .igot.plt      0x000000002000000c        0x0 /opt/st/stm32cubeide_1.9.0_4/plugins/com.st.stm32cube.ide.mcu.externaltools.gnu-tools-for-stm32.10.3-2021.10.linux64_1.0.0.202111181127/tools/bin/../lib/gcc/arm-none-eabi/10.3.1/thumb/v7e-m+fp/hard/crtbegin.o
                0x000000002000000c                . = ALIGN (0x4)

.bss            0x000000002000000c      0x3e0 load address 0x00000000080057f0
                0x000000002000000c                _sbss = .
                0x000000002000000c                __bss_start__ = _sbss
 *(.bss)
 .bss           0x000000002000000c       0x1c /opt/st/stm32cubeide_1.9.0_4/plugins/com.st.stm32cube.ide.mcu.externaltools.gnu-tools-for-stm32.10.3-2021.10.linux64_1.0.0.202111181127/tools/bin/../lib/gcc/arm-none-eabi/10.3.1/thumb/v7e-m+fp/hard/crtbegin.o
 *(.bss*)
 .bss.hadc1     0x0000000020000028       0x48 ./Core/Src/main.o
                0x0000000020000028                hadc1
 .bss.htim1     0x0000000020000070       0x48 ./Core/Src/main.o
                0x0000000020000070                htim1
 .bss.htim2     0x00000000200000b8       0x48 ./Core/Src/main.o
                0x00000000200000b8                htim2
 .bss.htim3     0x0000000020000100       0x48 ./Core/Src/main.o
                0x0000000020000100                htim3
 .bss.htim4     0x0000000020000148       0x48 ./Core/Src/main.o
                0x0000000020000148                htim4
 .bss.htim5     0x0000000020000190       0x48 ./Core/Src/main.o
                0x0000000020000190                htim5
 .bss.htim10    0x00000000200001d8       0x48 ./Core/Src/main.o
                0x00000000200001d8                htim10
 .bss.htim11    0x0000000020000220       0x48 ./Core/Src/main.o
                0x0000000020000220                htim11
 .bss.htim12    0x0000000020000268       0x48 ./Core/Src/main.o
                0x0000000020000268                htim12
 .bss.htim13    0x00000000200002b0       0x48 ./Core/Src/main.o
                0x00000000200002b0                htim13
 .bss.htim14    0x00000000200002f8       0x48 ./Core/Src/main.o
                0x00000000200002f8                htim14
 .bss.huart2    0x0000000020000340       0x44 ./Core/Src/main.o
                0x0000000020000340                huart2
 .bss.huart3    0x0000000020000384       0x44 ./Core/Src/main.o
                0x0000000020000384                huart3
 .bss.readValue
                0x00000000200003c8        0x2 ./Core/Src/main.o
                0x00000000200003c8                readValue
 *fill*         0x00000000200003ca        0x2 
 .bss.voltage   0x00000000200003cc        0x4 ./Core/Src/main.o
                0x00000000200003cc                voltage
 .bss.counter2  0x00000000200003d0        0x4 ./Core/Src/main.o
                0x00000000200003d0                counter2
 .bss.counter3  0x00000000200003d4        0x4 ./Core/Src/main.o
                0x00000000200003d4                counter3
 .bss.counter4  0x00000000200003d8        0x4 ./Core/Src/main.o
                0x00000000200003d8                counter4
 .bss.counter5  0x00000000200003dc        0x4 ./Core/Src/main.o
                0x00000000200003dc                counter5
 .bss.count2    0x00000000200003e0        0x2 ./Core/Src/main.o
                0x00000000200003e0                count2
 .bss.count3    0x00000000200003e2        0x2 ./Core/Src/main.o
                0x00000000200003e2                count3
 .bss.count4    0x00000000200003e4        0x2 ./Core/Src/main.o
                0x00000000200003e4                count4
 .bss.count5    0x00000000200003e6        0x2 ./Core/Src/main.o
                0x00000000200003e6                count5
 .bss.uwTick    0x00000000200003e8        0x4 ./Drivers/STM32F4xx_HAL_Driver/Src/stm32f4xx_hal.o
                0x00000000200003e8                uwTick
 *(COMMON)
                0x00000000200003ec                . = ALIGN (0x4)
                0x00000000200003ec                _ebss = .
                0x00000000200003ec                __bss_end__ = _ebss

._user_heap_stack
                0x00000000200003ec      0x604 load address 0x00000000080057f0
                0x00000000200003f0                . = ALIGN (0x8)
 *fill*         0x00000000200003ec        0x4 
                [!provide]                        PROVIDE (end = .)
                0x00000000200003f0                PROVIDE (_end = .)
                0x00000000200005f0                . = (. + _Min_Heap_Size)
 *fill*         0x00000000200003f0      0x200 
                0x00000000200009f0                . = (. + _Min_Stack_Size)
 *fill*         0x00000000200005f0      0x400 
                0x00000000200009f0                . = ALIGN (0x8)

/DISCARD/
 libc.a(*)
 libm.a(*)
 libgcc.a(*)

.ARM.attributes
                0x0000000000000000       0x30
 *(.ARM.attributes)
 .ARM.attributes
                0x0000000000000000       0x1e /opt/st/stm32cubeide_1.9.0_4/plugins/com.st.stm32cube.ide.mcu.externaltools.gnu-tools-for-stm32.10.3-2021.10.linux64_1.0.0.202111181127/tools/bin/../lib/gcc/arm-none-eabi/10.3.1/thumb/v7e-m+fp/hard/crti.o
 .ARM.attributes
                0x000000000000001e       0x34 /opt/st/stm32cubeide_1.9.0_4/plugins/com.st.stm32cube.ide.mcu.externaltools.gnu-tools-for-stm32.10.3-2021.10.linux64_1.0.0.202111181127/tools/bin/../lib/gcc/arm-none-eabi/10.3.1/thumb/v7e-m+fp/hard/crtbegin.o
 .ARM.attributes
                0x0000000000000052       0x34 ./Core/Src/main.o
 .ARM.attributes
                0x0000000000000086       0x34 ./Core/Src/stm32f4xx_hal_msp.o
 .ARM.attributes
                0x00000000000000ba       0x34 ./Core/Src/stm32f4xx_it.o
 .ARM.attributes
                0x00000000000000ee       0x34 ./Core/Src/system_stm32f4xx.o
 .ARM.attributes
                0x0000000000000122       0x21 ./Core/Startup/startup_stm32f446retx.o
 .ARM.attributes
                0x0000000000000143       0x34 ./Drivers/STM32F4xx_HAL_Driver/Src/stm32f4xx_hal.o
 .ARM.attributes
                0x0000000000000177       0x34 ./Drivers/STM32F4xx_HAL_Driver/Src/stm32f4xx_hal_adc.o
 .ARM.attributes
                0x00000000000001ab       0x34 ./Drivers/STM32F4xx_HAL_Driver/Src/stm32f4xx_hal_cortex.o
 .ARM.attributes
                0x00000000000001df       0x34 ./Drivers/STM32F4xx_HAL_Driver/Src/stm32f4xx_hal_dma.o
 .ARM.attributes
                0x0000000000000213       0x34 ./Drivers/STM32F4xx_HAL_Driver/Src/stm32f4xx_hal_gpio.o
 .ARM.attributes
                0x0000000000000247       0x34 ./Drivers/STM32F4xx_HAL_Driver/Src/stm32f4xx_hal_rcc.o
 .ARM.attributes
                0x000000000000027b       0x34 ./Drivers/STM32F4xx_HAL_Driver/Src/stm32f4xx_hal_rcc_ex.o
 .ARM.attributes
                0x00000000000002af       0x34 ./Drivers/STM32F4xx_HAL_Driver/Src/stm32f4xx_hal_tim.o
 .ARM.attributes
                0x00000000000002e3       0x34 ./Drivers/STM32F4xx_HAL_Driver/Src/stm32f4xx_hal_tim_ex.o
 .ARM.attributes
                0x0000000000000317       0x34 ./Drivers/STM32F4xx_HAL_Driver/Src/stm32f4xx_hal_uart.o
 .ARM.attributes
                0x000000000000034b       0x34 /opt/st/stm32cubeide_1.9.0_4/plugins/com.st.stm32cube.ide.mcu.externaltools.gnu-tools-for-stm32.10.3-2021.10.linux64_1.0.0.202111181127/tools/bin/../lib/gcc/arm-none-eabi/10.3.1/../../../../arm-none-eabi/lib/thumb/v7e-m+fp/hard/libc_nano.a(lib_a-init.o)
 .ARM.attributes
                0x000000000000037f       0x34 /opt/st/stm32cubeide_1.9.0_4/plugins/com.st.stm32cube.ide.mcu.externaltools.gnu-tools-for-stm32.10.3-2021.10.linux64_1.0.0.202111181127/tools/bin/../lib/gcc/arm-none-eabi/10.3.1/../../../../arm-none-eabi/lib/thumb/v7e-m+fp/hard/libc_nano.a(lib_a-memset.o)
 .ARM.attributes
                0x00000000000003b3       0x1e /opt/st/stm32cubeide_1.9.0_4/plugins/com.st.stm32cube.ide.mcu.externaltools.gnu-tools-for-stm32.10.3-2021.10.linux64_1.0.0.202111181127/tools/bin/../lib/gcc/arm-none-eabi/10.3.1/thumb/v7e-m+fp/hard/libgcc.a(_aeabi_uldivmod.o)
 .ARM.attributes
                0x00000000000003d1       0x34 /opt/st/stm32cubeide_1.9.0_4/plugins/com.st.stm32cube.ide.mcu.externaltools.gnu-tools-for-stm32.10.3-2021.10.linux64_1.0.0.202111181127/tools/bin/../lib/gcc/arm-none-eabi/10.3.1/thumb/v7e-m+fp/hard/libgcc.a(_udivmoddi4.o)
 .ARM.attributes
                0x0000000000000405       0x1e /opt/st/stm32cubeide_1.9.0_4/plugins/com.st.stm32cube.ide.mcu.externaltools.gnu-tools-for-stm32.10.3-2021.10.linux64_1.0.0.202111181127/tools/bin/../lib/gcc/arm-none-eabi/10.3.1/thumb/v7e-m+fp/hard/libgcc.a(_dvmd_tls.o)
 .ARM.attributes
                0x0000000000000423       0x1e /opt/st/stm32cubeide_1.9.0_4/plugins/com.st.stm32cube.ide.mcu.externaltools.gnu-tools-for-stm32.10.3-2021.10.linux64_1.0.0.202111181127/tools/bin/../lib/gcc/arm-none-eabi/10.3.1/thumb/v7e-m+fp/hard/crtn.o
OUTPUT(voltage_sensor0803.elf elf32-littlearm)
LOAD linker stubs
LOAD /opt/st/stm32cubeide_1.9.0_4/plugins/com.st.stm32cube.ide.mcu.externaltools.gnu-tools-for-stm32.10.3-2021.10.linux64_1.0.0.202111181127/tools/bin/../lib/gcc/arm-none-eabi/10.3.1/../../../../arm-none-eabi/lib/thumb/v7e-m+fp/hard/libc.a
LOAD /opt/st/stm32cubeide_1.9.0_4/plugins/com.st.stm32cube.ide.mcu.externaltools.gnu-tools-for-stm32.10.3-2021.10.linux64_1.0.0.202111181127/tools/bin/../lib/gcc/arm-none-eabi/10.3.1/../../../../arm-none-eabi/lib/thumb/v7e-m+fp/hard/libm.a
LOAD /opt/st/stm32cubeide_1.9.0_4/plugins/com.st.stm32cube.ide.mcu.externaltools.gnu-tools-for-stm32.10.3-2021.10.linux64_1.0.0.202111181127/tools/bin/../lib/gcc/arm-none-eabi/10.3.1/thumb/v7e-m+fp/hard/libgcc.a

.debug_info     0x0000000000000000     0xff28
 .debug_info    0x0000000000000000     0x1bde ./Core/Src/main.o
 .debug_info    0x0000000000001bde     0x1619 ./Core/Src/stm32f4xx_hal_msp.o
 .debug_info    0x00000000000031f7      0xa3b ./Core/Src/stm32f4xx_it.o
 .debug_info    0x0000000000003c32      0x55b ./Core/Src/system_stm32f4xx.o
 .debug_info    0x000000000000418d       0x22 ./Core/Startup/startup_stm32f446retx.o
 .debug_info    0x00000000000041af      0x9d2 ./Drivers/STM32F4xx_HAL_Driver/Src/stm32f4xx_hal.o
 .debug_info    0x0000000000004b81      0xd70 ./Drivers/STM32F4xx_HAL_Driver/Src/stm32f4xx_hal_adc.o
 .debug_info    0x00000000000058f1      0xe39 ./Drivers/STM32F4xx_HAL_Driver/Src/stm32f4xx_hal_cortex.o
 .debug_info    0x000000000000672a      0x94f ./Drivers/STM32F4xx_HAL_Driver/Src/stm32f4xx_hal_dma.o
 .debug_info    0x0000000000007079      0x7be ./Drivers/STM32F4xx_HAL_Driver/Src/stm32f4xx_hal_gpio.o
 .debug_info    0x0000000000007837      0x9ab ./Drivers/STM32F4xx_HAL_Driver/Src/stm32f4xx_hal_rcc.o
 .debug_info    0x00000000000081e2      0x9ec ./Drivers/STM32F4xx_HAL_Driver/Src/stm32f4xx_hal_rcc_ex.o
 .debug_info    0x0000000000008bce     0x2bbe ./Drivers/STM32F4xx_HAL_Driver/Src/stm32f4xx_hal_tim.o
 .debug_info    0x000000000000b78c     0x15e0 ./Drivers/STM32F4xx_HAL_Driver/Src/stm32f4xx_hal_tim_ex.o
 .debug_info    0x000000000000cd6c     0x31bc ./Drivers/STM32F4xx_HAL_Driver/Src/stm32f4xx_hal_uart.o

.debug_abbrev   0x0000000000000000     0x1fab
 .debug_abbrev  0x0000000000000000      0x2bb ./Core/Src/main.o
 .debug_abbrev  0x00000000000002bb      0x242 ./Core/Src/stm32f4xx_hal_msp.o
 .debug_abbrev  0x00000000000004fd      0x1a5 ./Core/Src/stm32f4xx_it.o
 .debug_abbrev  0x00000000000006a2      0x116 ./Core/Src/system_stm32f4xx.o
 .debug_abbrev  0x00000000000007b8       0x12 ./Core/Startup/startup_stm32f446retx.o
 .debug_abbrev  0x00000000000007ca      0x20d ./Drivers/STM32F4xx_HAL_Driver/Src/stm32f4xx_hal.o
 .debug_abbrev  0x00000000000009d7      0x244 ./Drivers/STM32F4xx_HAL_Driver/Src/stm32f4xx_hal_adc.o
 .debug_abbrev  0x0000000000000c1b      0x316 ./Drivers/STM32F4xx_HAL_Driver/Src/stm32f4xx_hal_cortex.o
 .debug_abbrev  0x0000000000000f31      0x25b ./Drivers/STM32F4xx_HAL_Driver/Src/stm32f4xx_hal_dma.o
 .debug_abbrev  0x000000000000118c      0x1c4 ./Drivers/STM32F4xx_HAL_Driver/Src/stm32f4xx_hal_gpio.o
 .debug_abbrev  0x0000000000001350      0x2aa ./Drivers/STM32F4xx_HAL_Driver/Src/stm32f4xx_hal_rcc.o
 .debug_abbrev  0x00000000000015fa      0x1fb ./Drivers/STM32F4xx_HAL_Driver/Src/stm32f4xx_hal_rcc_ex.o
 .debug_abbrev  0x00000000000017f5      0x25d ./Drivers/STM32F4xx_HAL_Driver/Src/stm32f4xx_hal_tim.o
 .debug_abbrev  0x0000000000001a52      0x265 ./Drivers/STM32F4xx_HAL_Driver/Src/stm32f4xx_hal_tim_ex.o
 .debug_abbrev  0x0000000000001cb7      0x2f4 ./Drivers/STM32F4xx_HAL_Driver/Src/stm32f4xx_hal_uart.o

.debug_aranges  0x0000000000000000      0xe10
 .debug_aranges
                0x0000000000000000       0xc0 ./Core/Src/main.o
 .debug_aranges
                0x00000000000000c0       0x68 ./Core/Src/stm32f4xx_hal_msp.o
 .debug_aranges
                0x0000000000000128       0x88 ./Core/Src/stm32f4xx_it.o
 .debug_aranges
                0x00000000000001b0       0x28 ./Core/Src/system_stm32f4xx.o
 .debug_aranges
                0x00000000000001d8       0x28 ./Core/Startup/startup_stm32f446retx.o
 .debug_aranges
                0x0000000000000200       0xf0 ./Drivers/STM32F4xx_HAL_Driver/Src/stm32f4xx_hal.o
 .debug_aranges
                0x00000000000002f0       0xe8 ./Drivers/STM32F4xx_HAL_Driver/Src/stm32f4xx_hal_adc.o
 .debug_aranges
                0x00000000000003d8      0x118 ./Drivers/STM32F4xx_HAL_Driver/Src/stm32f4xx_hal_cortex.o
 .debug_aranges
                0x00000000000004f0       0x90 ./Drivers/STM32F4xx_HAL_Driver/Src/stm32f4xx_hal_dma.o
 .debug_aranges
                0x0000000000000580       0x58 ./Drivers/STM32F4xx_HAL_Driver/Src/stm32f4xx_hal_gpio.o
 .debug_aranges
                0x00000000000005d8       0x88 ./Drivers/STM32F4xx_HAL_Driver/Src/stm32f4xx_hal_rcc.o
 .debug_aranges
                0x0000000000000660       0x78 ./Drivers/STM32F4xx_HAL_Driver/Src/stm32f4xx_hal_rcc_ex.o
 .debug_aranges
                0x00000000000006d8      0x3d0 ./Drivers/STM32F4xx_HAL_Driver/Src/stm32f4xx_hal_tim.o
 .debug_aranges
                0x0000000000000aa8      0x168 ./Drivers/STM32F4xx_HAL_Driver/Src/stm32f4xx_hal_tim_ex.o
 .debug_aranges
                0x0000000000000c10      0x200 ./Drivers/STM32F4xx_HAL_Driver/Src/stm32f4xx_hal_uart.o

.debug_ranges   0x0000000000000000      0xd58
 .debug_ranges  0x0000000000000000       0xb0 ./Core/Src/main.o
 .debug_ranges  0x00000000000000b0       0x58 ./Core/Src/stm32f4xx_hal_msp.o
 .debug_ranges  0x0000000000000108       0x78 ./Core/Src/stm32f4xx_it.o
 .debug_ranges  0x0000000000000180       0x18 ./Core/Src/system_stm32f4xx.o
 .debug_ranges  0x0000000000000198       0x20 ./Core/Startup/startup_stm32f446retx.o
 .debug_ranges  0x00000000000001b8       0xe0 ./Drivers/STM32F4xx_HAL_Driver/Src/stm32f4xx_hal.o
 .debug_ranges  0x0000000000000298       0xd8 ./Drivers/STM32F4xx_HAL_Driver/Src/stm32f4xx_hal_adc.o
 .debug_ranges  0x0000000000000370      0x108 ./Drivers/STM32F4xx_HAL_Driver/Src/stm32f4xx_hal_cortex.o
 .debug_ranges  0x0000000000000478       0x80 ./Drivers/STM32F4xx_HAL_Driver/Src/stm32f4xx_hal_dma.o
 .debug_ranges  0x00000000000004f8       0x48 ./Drivers/STM32F4xx_HAL_Driver/Src/stm32f4xx_hal_gpio.o
 .debug_ranges  0x0000000000000540       0x78 ./Drivers/STM32F4xx_HAL_Driver/Src/stm32f4xx_hal_rcc.o
 .debug_ranges  0x00000000000005b8       0x68 ./Drivers/STM32F4xx_HAL_Driver/Src/stm32f4xx_hal_rcc_ex.o
 .debug_ranges  0x0000000000000620      0x3c0 ./Drivers/STM32F4xx_HAL_Driver/Src/stm32f4xx_hal_tim.o
 .debug_ranges  0x00000000000009e0      0x158 ./Drivers/STM32F4xx_HAL_Driver/Src/stm32f4xx_hal_tim_ex.o
 .debug_ranges  0x0000000000000b38      0x220 ./Drivers/STM32F4xx_HAL_Driver/Src/stm32f4xx_hal_uart.o

.debug_macro    0x0000000000000000    0x22ee4
 .debug_macro   0x0000000000000000      0x301 ./Core/Src/main.o
 .debug_macro   0x0000000000000301      0xa78 ./Core/Src/main.o
 .debug_macro   0x0000000000000d79      0x2a1 ./Core/Src/main.o
 .debug_macro   0x000000000000101a       0x2e ./Core/Src/main.o
 .debug_macro   0x0000000000001048       0x28 ./Core/Src/main.o
 .debug_macro   0x0000000000001070       0x22 ./Core/Src/main.o
 .debug_macro   0x0000000000001092       0x8e ./Core/Src/main.o
 .debug_macro   0x0000000000001120       0x51 ./Core/Src/main.o
 .debug_macro   0x0000000000001171      0x103 ./Core/Src/main.o
 .debug_macro   0x0000000000001274       0x6a ./Core/Src/main.o
 .debug_macro   0x00000000000012de      0x1df ./Core/Src/main.o
 .debug_macro   0x00000000000014bd       0x1c ./Core/Src/main.o
 .debug_macro   0x00000000000014d9       0x22 ./Core/Src/main.o
 .debug_macro   0x00000000000014fb       0xd9 ./Core/Src/main.o
 .debug_macro   0x00000000000015d4     0x102d ./Core/Src/main.o
 .debug_macro   0x0000000000002601      0x11f ./Core/Src/main.o
 .debug_macro   0x0000000000002720    0x16749 ./Core/Src/main.o
 .debug_macro   0x0000000000018e69       0x6d ./Core/Src/main.o
 .debug_macro   0x0000000000018ed6     0x367e ./Core/Src/main.o
 .debug_macro   0x000000000001c554      0x174 ./Core/Src/main.o
 .debug_macro   0x000000000001c6c8       0x5c ./Core/Src/main.o
 .debug_macro   0x000000000001c724      0xc90 ./Core/Src/main.o
 .debug_macro   0x000000000001d3b4      0x9fe ./Core/Src/main.o
 .debug_macro   0x000000000001ddb2      0x115 ./Core/Src/main.o
 .debug_macro   0x000000000001dec7      0x1a0 ./Core/Src/main.o
 .debug_macro   0x000000000001e067       0xa5 ./Core/Src/main.o
 .debug_macro   0x000000000001e10c      0x16d ./Core/Src/main.o
 .debug_macro   0x000000000001e279      0x287 ./Core/Src/main.o
 .debug_macro   0x000000000001e500       0x5f ./Core/Src/main.o
 .debug_macro   0x000000000001e55f      0x236 ./Core/Src/main.o
 .debug_macro   0x000000000001e795      0xb5b ./Core/Src/main.o
 .debug_macro   0x000000000001f2f0      0x38b ./Core/Src/main.o
 .debug_macro   0x000000000001f67b      0x17d ./Core/Src/main.o
 .debug_macro   0x000000000001f7f8       0xf9 ./Core/Src/main.o
 .debug_macro   0x000000000001f8f1      0x132 ./Core/Src/main.o
 .debug_macro   0x000000000001fa23      0x29c ./Core/Src/main.o
 .debug_macro   0x000000000001fcbf       0x2e ./Core/Src/main.o
 .debug_macro   0x000000000001fced      0x11a ./Core/Src/main.o
 .debug_macro   0x000000000001fe07       0xe8 ./Core/Src/main.o
 .debug_macro   0x000000000001feef       0x89 ./Core/Src/main.o
 .debug_macro   0x000000000001ff78      0x8e6 ./Core/Src/main.o
 .debug_macro   0x000000000002085e       0x4d ./Core/Src/main.o
 .debug_macro   0x00000000000208ab      0x295 ./Core/Src/main.o
 .debug_macro   0x0000000000020b40      0x126 ./Core/Src/main.o
 .debug_macro   0x0000000000020c66       0xb8 ./Core/Src/main.o
 .debug_macro   0x0000000000020d1e       0x1e ./Core/Src/main.o
 .debug_macro   0x0000000000020d3c       0x52 ./Core/Src/main.o
 .debug_macro   0x0000000000020d8e       0x3c ./Core/Src/main.o
 .debug_macro   0x0000000000020dca       0x34 ./Core/Src/main.o
 .debug_macro   0x0000000000020dfe       0x16 ./Core/Src/main.o
 .debug_macro   0x0000000000020e14       0x35 ./Core/Src/main.o
 .debug_macro   0x0000000000020e49       0x16 ./Core/Src/main.o
 .debug_macro   0x0000000000020e5f       0x43 ./Core/Src/main.o
 .debug_macro   0x0000000000020ea2       0x34 ./Core/Src/main.o
 .debug_macro   0x0000000000020ed6       0x10 ./Core/Src/main.o
 .debug_macro   0x0000000000020ee6       0x58 ./Core/Src/main.o
 .debug_macro   0x0000000000020f3e       0x71 ./Core/Src/main.o
 .debug_macro   0x0000000000020faf       0x1c ./Core/Src/main.o
 .debug_macro   0x0000000000020fcb      0x12a ./Core/Src/main.o
 .debug_macro   0x00000000000210f5      0x341 ./Core/Src/main.o
 .debug_macro   0x0000000000021436       0x16 ./Core/Src/main.o
 .debug_macro   0x000000000002144c       0x29 ./Core/Src/main.o
 .debug_macro   0x0000000000021475       0x16 ./Core/Src/main.o
 .debug_macro   0x000000000002148b       0x20 ./Core/Src/main.o
 .debug_macro   0x00000000000214ab      0x205 ./Core/Src/stm32f4xx_hal_msp.o
 .debug_macro   0x00000000000216b0      0x20f ./Core/Src/stm32f4xx_it.o
 .debug_macro   0x00000000000218bf      0x1f6 ./Core/Src/system_stm32f4xx.o
 .debug_macro   0x0000000000021ab5      0x256 ./Drivers/STM32F4xx_HAL_Driver/Src/stm32f4xx_hal.o
 .debug_macro   0x0000000000021d0b      0x1f7 ./Drivers/STM32F4xx_HAL_Driver/Src/stm32f4xx_hal_adc.o
 .debug_macro   0x0000000000021f02      0x1f6 ./Drivers/STM32F4xx_HAL_Driver/Src/stm32f4xx_hal_cortex.o
 .debug_macro   0x00000000000220f8      0x1fc ./Drivers/STM32F4xx_HAL_Driver/Src/stm32f4xx_hal_dma.o
 .debug_macro   0x00000000000222f4      0x1fc ./Drivers/STM32F4xx_HAL_Driver/Src/stm32f4xx_hal_gpio.o
 .debug_macro   0x00000000000224f0      0x21a ./Drivers/STM32F4xx_HAL_Driver/Src/stm32f4xx_hal_rcc.o
 .debug_macro   0x000000000002270a      0x1f6 ./Drivers/STM32F4xx_HAL_Driver/Src/stm32f4xx_hal_rcc_ex.o
 .debug_macro   0x0000000000022900      0x1f7 ./Drivers/STM32F4xx_HAL_Driver/Src/stm32f4xx_hal_tim.o
 .debug_macro   0x0000000000022af7      0x1f6 ./Drivers/STM32F4xx_HAL_Driver/Src/stm32f4xx_hal_tim_ex.o
 .debug_macro   0x0000000000022ced      0x1f7 ./Drivers/STM32F4xx_HAL_Driver/Src/stm32f4xx_hal_uart.o

.debug_line     0x0000000000000000    0x108e1
 .debug_line    0x0000000000000000      0xf8a ./Core/Src/main.o
 .debug_line    0x0000000000000f8a      0xa4a ./Core/Src/stm32f4xx_hal_msp.o
 .debug_line    0x00000000000019d4      0x81d ./Core/Src/stm32f4xx_it.o
 .debug_line    0x00000000000021f1      0x764 ./Core/Src/system_stm32f4xx.o
 .debug_line    0x0000000000002955       0x88 ./Core/Startup/startup_stm32f446retx.o
 .debug_line    0x00000000000029dd      0x9ca ./Drivers/STM32F4xx_HAL_Driver/Src/stm32f4xx_hal.o
 .debug_line    0x00000000000033a7     0x1246 ./Drivers/STM32F4xx_HAL_Driver/Src/stm32f4xx_hal_adc.o
 .debug_line    0x00000000000045ed      0xc79 ./Drivers/STM32F4xx_HAL_Driver/Src/stm32f4xx_hal_cortex.o
 .debug_line    0x0000000000005266      0xf2e ./Drivers/STM32F4xx_HAL_Driver/Src/stm32f4xx_hal_dma.o
 .debug_line    0x0000000000006194      0xb2a ./Drivers/STM32F4xx_HAL_Driver/Src/stm32f4xx_hal_gpio.o
 .debug_line    0x0000000000006cbe      0xd52 ./Drivers/STM32F4xx_HAL_Driver/Src/stm32f4xx_hal_rcc.o
 .debug_line    0x0000000000007a10     0x13dd ./Drivers/STM32F4xx_HAL_Driver/Src/stm32f4xx_hal_rcc_ex.o
 .debug_line    0x0000000000008ded     0x36be ./Drivers/STM32F4xx_HAL_Driver/Src/stm32f4xx_hal_tim.o
 .debug_line    0x000000000000c4ab     0x19c7 ./Drivers/STM32F4xx_HAL_Driver/Src/stm32f4xx_hal_tim_ex.o
 .debug_line    0x000000000000de72     0x2a6f ./Drivers/STM32F4xx_HAL_Driver/Src/stm32f4xx_hal_uart.o

.debug_str      0x0000000000000000    0xdc822
 .debug_str     0x0000000000000000    0xd9463 ./Core/Src/main.o
                                      0xd9827 (size before relaxing)
 .debug_str     0x00000000000d9463      0x662 ./Core/Src/stm32f4xx_hal_msp.o
                                      0xd6803 (size before relaxing)
 .debug_str     0x00000000000d9ac5      0x142 ./Core/Src/stm32f4xx_it.o
                                      0xd5f93 (size before relaxing)
 .debug_str     0x00000000000d9c07       0xdb ./Core/Src/system_stm32f4xx.o
                                      0xd569a (size before relaxing)
 .debug_str     0x00000000000d9ce2       0x36 ./Core/Startup/startup_stm32f446retx.o
                                         0x7a (size before relaxing)
 .debug_str     0x00000000000d9d18      0x5f0 ./Drivers/STM32F4xx_HAL_Driver/Src/stm32f4xx_hal.o
                                      0xd625f (size before relaxing)
 .debug_str     0x00000000000da308      0x292 ./Drivers/STM32F4xx_HAL_Driver/Src/stm32f4xx_hal_adc.o
                                      0xd5c62 (size before relaxing)
 .debug_str     0x00000000000da59a      0x326 ./Drivers/STM32F4xx_HAL_Driver/Src/stm32f4xx_hal_cortex.o
                                      0xd5f6d (size before relaxing)
 .debug_str     0x00000000000da8c0      0x304 ./Drivers/STM32F4xx_HAL_Driver/Src/stm32f4xx_hal_dma.o
                                      0xd5a8f (size before relaxing)
 .debug_str     0x00000000000dabc4      0x121 ./Drivers/STM32F4xx_HAL_Driver/Src/stm32f4xx_hal_gpio.o
                                      0xd5815 (size before relaxing)
 .debug_str     0x00000000000dace5      0x233 ./Drivers/STM32F4xx_HAL_Driver/Src/stm32f4xx_hal_rcc.o
                                      0xd5ad3 (size before relaxing)
 .debug_str     0x00000000000daf18      0x324 ./Drivers/STM32F4xx_HAL_Driver/Src/stm32f4xx_hal_rcc_ex.o
                                      0xd5b06 (size before relaxing)
 .debug_str     0x00000000000db23c      0xc1c ./Drivers/STM32F4xx_HAL_Driver/Src/stm32f4xx_hal_tim.o
                                      0xd69ef (size before relaxing)
 .debug_str     0x00000000000dbe58      0x3e1 ./Drivers/STM32F4xx_HAL_Driver/Src/stm32f4xx_hal_tim_ex.o
                                      0xd620b (size before relaxing)
 .debug_str     0x00000000000dc239      0x5e9 ./Drivers/STM32F4xx_HAL_Driver/Src/stm32f4xx_hal_uart.o
                                      0xd6048 (size before relaxing)

.comment        0x0000000000000000       0x50
 .comment       0x0000000000000000       0x50 ./Core/Src/main.o
                                         0x51 (size before relaxing)
 .comment       0x0000000000000050       0x51 ./Core/Src/stm32f4xx_hal_msp.o
 .comment       0x0000000000000050       0x51 ./Core/Src/stm32f4xx_it.o
 .comment       0x0000000000000050       0x51 ./Core/Src/system_stm32f4xx.o
 .comment       0x0000000000000050       0x51 ./Drivers/STM32F4xx_HAL_Driver/Src/stm32f4xx_hal.o
 .comment       0x0000000000000050       0x51 ./Drivers/STM32F4xx_HAL_Driver/Src/stm32f4xx_hal_adc.o
 .comment       0x0000000000000050       0x51 ./Drivers/STM32F4xx_HAL_Driver/Src/stm32f4xx_hal_cortex.o
 .comment       0x0000000000000050       0x51 ./Drivers/STM32F4xx_HAL_Driver/Src/stm32f4xx_hal_dma.o
 .comment       0x0000000000000050       0x51 ./Drivers/STM32F4xx_HAL_Driver/Src/stm32f4xx_hal_gpio.o
 .comment       0x0000000000000050       0x51 ./Drivers/STM32F4xx_HAL_Driver/Src/stm32f4xx_hal_rcc.o
 .comment       0x0000000000000050       0x51 ./Drivers/STM32F4xx_HAL_Driver/Src/stm32f4xx_hal_rcc_ex.o
 .comment       0x0000000000000050       0x51 ./Drivers/STM32F4xx_HAL_Driver/Src/stm32f4xx_hal_tim.o
 .comment       0x0000000000000050       0x51 ./Drivers/STM32F4xx_HAL_Driver/Src/stm32f4xx_hal_tim_ex.o
 .comment       0x0000000000000050       0x51 ./Drivers/STM32F4xx_HAL_Driver/Src/stm32f4xx_hal_uart.o

.debug_frame    0x0000000000000000     0x3ba0
 .debug_frame   0x0000000000000000      0x2e0 ./Core/Src/main.o
 .debug_frame   0x00000000000002e0      0x184 ./Core/Src/stm32f4xx_hal_msp.o
 .debug_frame   0x0000000000000464      0x190 ./Core/Src/stm32f4xx_it.o
 .debug_frame   0x00000000000005f4       0x58 ./Core/Src/system_stm32f4xx.o
 .debug_frame   0x000000000000064c      0x374 ./Drivers/STM32F4xx_HAL_Driver/Src/stm32f4xx_hal.o
 .debug_frame   0x00000000000009c0      0x3fc ./Drivers/STM32F4xx_HAL_Driver/Src/stm32f4xx_hal_adc.o
 .debug_frame   0x0000000000000dbc      0x498 ./Drivers/STM32F4xx_HAL_Driver/Src/stm32f4xx_hal_cortex.o
 .debug_frame   0x0000000000001254      0x250 ./Drivers/STM32F4xx_HAL_Driver/Src/stm32f4xx_hal_dma.o
 .debug_frame   0x00000000000014a4      0x14c ./Drivers/STM32F4xx_HAL_Driver/Src/stm32f4xx_hal_gpio.o
 .debug_frame   0x00000000000015f0      0x1f4 ./Drivers/STM32F4xx_HAL_Driver/Src/stm32f4xx_hal_rcc.o
 .debug_frame   0x00000000000017e4      0x1e8 ./Drivers/STM32F4xx_HAL_Driver/Src/stm32f4xx_hal_rcc_ex.o
 .debug_frame   0x00000000000019cc     0x11c4 ./Drivers/STM32F4xx_HAL_Driver/Src/stm32f4xx_hal_tim.o
 .debug_frame   0x0000000000002b90      0x638 ./Drivers/STM32F4xx_HAL_Driver/Src/stm32f4xx_hal_tim_ex.o
 .debug_frame   0x00000000000031c8      0x92c ./Drivers/STM32F4xx_HAL_Driver/Src/stm32f4xx_hal_uart.o
 .debug_frame   0x0000000000003af4       0x2c /opt/st/stm32cubeide_1.9.0_4/plugins/com.st.stm32cube.ide.mcu.externaltools.gnu-tools-for-stm32.10.3-2021.10.linux64_1.0.0.202111181127/tools/bin/../lib/gcc/arm-none-eabi/10.3.1/../../../../arm-none-eabi/lib/thumb/v7e-m+fp/hard/libc_nano.a(lib_a-init.o)
 .debug_frame   0x0000000000003b20       0x20 /opt/st/stm32cubeide_1.9.0_4/plugins/com.st.stm32cube.ide.mcu.externaltools.gnu-tools-for-stm32.10.3-2021.10.linux64_1.0.0.202111181127/tools/bin/../lib/gcc/arm-none-eabi/10.3.1/../../../../arm-none-eabi/lib/thumb/v7e-m+fp/hard/libc_nano.a(lib_a-memset.o)
 .debug_frame   0x0000000000003b40       0x2c /opt/st/stm32cubeide_1.9.0_4/plugins/com.st.stm32cube.ide.mcu.externaltools.gnu-tools-for-stm32.10.3-2021.10.linux64_1.0.0.202111181127/tools/bin/../lib/gcc/arm-none-eabi/10.3.1/thumb/v7e-m+fp/hard/libgcc.a(_aeabi_uldivmod.o)
 .debug_frame   0x0000000000003b6c       0x34 /opt/st/stm32cubeide_1.9.0_4/plugins/com.st.stm32cube.ide.mcu.externaltools.gnu-tools-for-stm32.10.3-2021.10.linux64_1.0.0.202111181127/tools/bin/../lib/gcc/arm-none-eabi/10.3.1/thumb/v7e-m+fp/hard/libgcc.a(_udivmoddi4.o)
