../Core/Src/main.c:90:6:HAL_TIM_IC_CaptureCallback	16	static
../Core/Src/main.c:117:5:main	32	static
../Core/Src/main.c:208:6:SystemClock_Config	88	static
../Core/Src/main.c:256:13:MX_TIM1_Init	96	static
../Core/Src/main.c:343:13:MX_TIM2_Init	56	static
../Core/Src/main.c:392:13:MX_TIM3_Init	56	static
../Core/Src/main.c:441:13:MX_TIM4_Init	56	static
../Core/Src/main.c:490:13:MX_TIM5_Init	56	static
../Core/Src/main.c:539:13:MX_TIM10_Init	40	static
../Core/Src/main.c:589:13:MX_TIM12_Init	40	static
../Core/Src/main.c:635:13:MX_TIM13_Init	40	static
../Core/Src/main.c:681:13:MX_TIM14_Init	40	static
../Core/Src/main.c:727:13:MX_USART2_UART_Init	8	static
../Core/Src/main.c:760:13:MX_GPIO_Init	48	static
../Core/Src/main.c:806:6:Error_Handler	4	static,ignoring_inline_asm
