../Core/Src/main.c:84:6:HAL_TIM_IC_CaptureCallback	16	static
../Core/Src/main.c:111:5:main	32	static
../Core/Src/main.c:223:6:SystemClock_Config	88	static
../Core/Src/main.c:271:13:MX_TIM1_Init	96	static
../Core/Src/main.c:362:13:MX_TIM2_Init	56	static
../Core/Src/main.c:411:13:MX_TIM3_Init	56	static
../Core/Src/main.c:460:13:MX_TIM4_Init	56	static
../Core/Src/main.c:509:13:MX_TIM5_Init	56	static
../Core/Src/main.c:558:13:MX_TIM8_Init	80	static
../Core/Src/main.c:631:13:MX_TIM10_Init	40	static
../Core/Src/main.c:677:13:MX_USART2_UART_Init	8	static
../Core/Src/main.c:710:13:MX_GPIO_Init	48	static
../Core/Src/main.c:766:6:Error_Handler	4	static,ignoring_inline_asm
