../Core/Src/main.c:79:6:HAL_TIM_IC_CaptureCallback	16	static
../Core/Src/main.c:106:5:main	8	static
../Core/Src/main.c:157:6:SystemClock_Config	88	static
../Core/Src/main.c:205:13:MX_TIM2_Init	56	static
../Core/Src/main.c:254:13:MX_TIM3_Init	56	static
../Core/Src/main.c:303:13:MX_TIM4_Init	56	static
../Core/Src/main.c:352:13:MX_TIM5_Init	56	static
../Core/Src/main.c:401:13:MX_USART2_UART_Init	8	static
../Core/Src/main.c:434:13:MX_GPIO_Init	48	static
../Core/Src/main.c:470:6:Error_Handler	4	static,ignoring_inline_asm
