../Core/Src/main.c:91:6:HAL_TIM_IC_CaptureCallback	16	static
../Core/Src/main.c:117:5:main	32	static
../Core/Src/main.c:249:6:SystemClock_Config	88	static
../Core/Src/main.c:297:13:MX_TIM1_Init	96	static
../Core/Src/main.c:388:13:MX_TIM2_Init	56	static
../Core/Src/main.c:437:13:MX_TIM3_Init	56	static
../Core/Src/main.c:486:13:MX_TIM4_Init	56	static
../Core/Src/main.c:535:13:MX_TIM5_Init	56	static
../Core/Src/main.c:584:13:MX_TIM10_Init	40	static
../Core/Src/main.c:630:13:MX_TIM11_Init	8	static
../Core/Src/main.c:661:13:MX_TIM12_Init	56	static
../Core/Src/main.c:713:13:MX_TIM13_Init	40	static
../Core/Src/main.c:759:13:MX_TIM14_Init	40	static
../Core/Src/main.c:805:13:MX_USART2_UART_Init	8	static
../Core/Src/main.c:838:13:MX_GPIO_Init	48	static
../Core/Src/main.c:894:6:Error_Handler	4	static,ignoring_inline_asm
