../Core/Src/main.c:99:6:HAL_TIM_IC_CaptureCallback	16	static
../Core/Src/main.c:119:6:DCmotor	64	static
../Core/Src/main.c:168:6:Servo	24	static
../Core/Src/main.c:181:5:main	8	static
../Core/Src/main.c:295:6:SystemClock_Config	88	static
../Core/Src/main.c:343:13:MX_TIM1_Init	96	static
../Core/Src/main.c:434:13:MX_TIM2_Init	56	static
../Core/Src/main.c:483:13:MX_TIM3_Init	56	static
../Core/Src/main.c:532:13:MX_TIM4_Init	56	static
../Core/Src/main.c:581:13:MX_TIM5_Init	56	static
../Core/Src/main.c:630:13:MX_TIM10_Init	40	static
../Core/Src/main.c:676:13:MX_TIM11_Init	8	static
../Core/Src/main.c:707:13:MX_TIM12_Init	56	static
../Core/Src/main.c:759:13:MX_TIM13_Init	40	static
../Core/Src/main.c:805:13:MX_TIM14_Init	40	static
../Core/Src/main.c:851:13:MX_USART2_UART_Init	8	static
../Core/Src/main.c:884:13:MX_USART3_UART_Init	8	static
../Core/Src/main.c:917:13:MX_GPIO_Init	48	static
../Core/Src/main.c:973:6:Error_Handler	4	static,ignoring_inline_asm
