../Core/Src/main.c:93:6:HAL_TIM_IC_CaptureCallback	16	static
../Core/Src/main.c:113:6:DCmotor	64	static
../Core/Src/main.c:162:6:Servo	24	static
../Core/Src/main.c:175:5:main	40	static
../Core/Src/main.c:275:6:SystemClock_Config	88	static
../Core/Src/main.c:323:13:MX_TIM1_Init	96	static
../Core/Src/main.c:414:13:MX_TIM2_Init	56	static
../Core/Src/main.c:463:13:MX_TIM3_Init	56	static
../Core/Src/main.c:512:13:MX_TIM4_Init	56	static
../Core/Src/main.c:561:13:MX_TIM5_Init	56	static
../Core/Src/main.c:610:13:MX_TIM10_Init	40	static
../Core/Src/main.c:656:13:MX_TIM11_Init	8	static
../Core/Src/main.c:687:13:MX_TIM12_Init	56	static
../Core/Src/main.c:739:13:MX_TIM13_Init	40	static
../Core/Src/main.c:785:13:MX_TIM14_Init	40	static
../Core/Src/main.c:831:13:MX_USART2_UART_Init	8	static
../Core/Src/main.c:864:13:MX_GPIO_Init	48	static
../Core/Src/main.c:920:6:Error_Handler	4	static,ignoring_inline_asm
