../Core/Src/main.c:102:6:HAL_TIM_IC_CaptureCallback	16	static
../Core/Src/main.c:122:6:DCmotor	64	static
../Core/Src/main.c:171:6:Servo	24	static
../Core/Src/main.c:179:6:Voltage	16	static
../Core/Src/main.c:192:5:main	8	static
../Core/Src/main.c:309:6:SystemClock_Config	88	static
../Core/Src/main.c:357:13:MX_ADC1_Init	24	static
../Core/Src/main.c:409:13:MX_TIM1_Init	96	static
../Core/Src/main.c:500:13:MX_TIM2_Init	56	static
../Core/Src/main.c:549:13:MX_TIM3_Init	56	static
../Core/Src/main.c:598:13:MX_TIM4_Init	56	static
../Core/Src/main.c:647:13:MX_TIM5_Init	56	static
../Core/Src/main.c:696:13:MX_TIM10_Init	40	static
../Core/Src/main.c:742:13:MX_TIM11_Init	8	static
../Core/Src/main.c:773:13:MX_TIM12_Init	56	static
../Core/Src/main.c:825:13:MX_TIM13_Init	40	static
../Core/Src/main.c:871:13:MX_TIM14_Init	40	static
../Core/Src/main.c:917:13:MX_USART2_UART_Init	8	static
../Core/Src/main.c:950:13:MX_USART3_UART_Init	8	static
../Core/Src/main.c:983:13:MX_GPIO_Init	48	static
../Core/Src/main.c:1039:6:Error_Handler	4	static,ignoring_inline_asm
