../Core/Src/main.c:104:6:HAL_TIM_IC_CaptureCallback	16	static
../Core/Src/main.c:124:6:DCmotor	64	static
../Core/Src/main.c:173:6:Servo	24	static
../Core/Src/main.c:186:5:main	16	static
../Core/Src/main.c:308:6:SystemClock_Config	88	static
../Core/Src/main.c:356:13:MX_TIM1_Init	96	static
../Core/Src/main.c:447:13:MX_TIM2_Init	56	static
../Core/Src/main.c:496:13:MX_TIM3_Init	56	static
../Core/Src/main.c:545:13:MX_TIM4_Init	56	static
../Core/Src/main.c:594:13:MX_TIM5_Init	56	static
../Core/Src/main.c:643:13:MX_TIM10_Init	40	static
../Core/Src/main.c:689:13:MX_TIM11_Init	8	static
../Core/Src/main.c:720:13:MX_TIM12_Init	56	static
../Core/Src/main.c:772:13:MX_TIM13_Init	40	static
../Core/Src/main.c:818:13:MX_TIM14_Init	40	static
../Core/Src/main.c:864:13:MX_USART2_UART_Init	8	static
../Core/Src/main.c:897:13:MX_USART3_UART_Init	8	static
../Core/Src/main.c:930:13:MX_GPIO_Init	48	static
../Core/Src/main.c:986:6:Error_Handler	4	static,ignoring_inline_asm
