../Core/Src/main.c:106:6:HAL_TIM_IC_CaptureCallback	16	static
../Core/Src/main.c:126:6:DCmotor	64	static
../Core/Src/main.c:173:6:DCstop	8	static
../Core/Src/main.c:183:6:Servo	24	static
../Core/Src/main.c:196:5:main	8	static
../Core/Src/main.c:312:6:SystemClock_Config	88	static
../Core/Src/main.c:360:13:MX_TIM1_Init	96	static
../Core/Src/main.c:451:13:MX_TIM2_Init	56	static
../Core/Src/main.c:500:13:MX_TIM3_Init	56	static
../Core/Src/main.c:549:13:MX_TIM4_Init	56	static
../Core/Src/main.c:598:13:MX_TIM5_Init	56	static
../Core/Src/main.c:647:13:MX_TIM10_Init	40	static
../Core/Src/main.c:693:13:MX_TIM11_Init	8	static
../Core/Src/main.c:724:13:MX_TIM12_Init	56	static
../Core/Src/main.c:776:13:MX_TIM13_Init	40	static
../Core/Src/main.c:822:13:MX_TIM14_Init	40	static
../Core/Src/main.c:868:13:MX_USART2_UART_Init	8	static
../Core/Src/main.c:901:13:MX_USART3_UART_Init	8	static
../Core/Src/main.c:934:13:MX_GPIO_Init	48	static
../Core/Src/main.c:990:6:Error_Handler	4	static,ignoring_inline_asm
